Archive member included to satisfy reference by file (symbol)

D:/ARMTOOLCHAINCMAKE/ARM-GNU-TOOLCHAIN-13.3.REL1/BIN/../lib/gcc/arm-none-eabi/13.3.1/thumb/v6-m/nofp\libc_nano.a(libc_a-exit.o)
                              D:/ARMTOOLCHAINCMAKE/ARM-GNU-TOOLCHAIN-13.3.REL1/BIN/../lib/gcc/arm-none-eabi/13.3.1/thumb/v6-m/nofp/crt0.o (exit)
D:/ARMTOOLCHAINCMAKE/ARM-GNU-TOOLCHAIN-13.3.REL1/BIN/../lib/gcc/arm-none-eabi/13.3.1/thumb/v6-m/nofp\libc_nano.a(libc_a-findfp.o)
                              D:/ARMTOOLCHAINCMAKE/ARM-GNU-TOOLCHAIN-13.3.REL1/BIN/../lib/gcc/arm-none-eabi/13.3.1/thumb/v6-m/nofp\libc_nano.a(libc_a-exit.o) (__stdio_exit_handler)
D:/ARMTOOLCHAINCMAKE/ARM-GNU-TOOLCHAIN-13.3.REL1/BIN/../lib/gcc/arm-none-eabi/13.3.1/thumb/v6-m/nofp\libc_nano.a(libc_a-fwalk.o)
                              D:/ARMTOOLCHAINCMAKE/ARM-GNU-TOOLCHAIN-13.3.REL1/BIN/../lib/gcc/arm-none-eabi/13.3.1/thumb/v6-m/nofp\libc_nano.a(libc_a-findfp.o) (_fwalk_sglue)
D:/ARMTOOLCHAINCMAKE/ARM-GNU-TOOLCHAIN-13.3.REL1/BIN/../lib/gcc/arm-none-eabi/13.3.1/thumb/v6-m/nofp\libc_nano.a(libc_a-stdio.o)
                              D:/ARMTOOLCHAINCMAKE/ARM-GNU-TOOLCHAIN-13.3.REL1/BIN/../lib/gcc/arm-none-eabi/13.3.1/thumb/v6-m/nofp\libc_nano.a(libc_a-findfp.o) (__sread)
D:/ARMTOOLCHAINCMAKE/ARM-GNU-TOOLCHAIN-13.3.REL1/BIN/../lib/gcc/arm-none-eabi/13.3.1/thumb/v6-m/nofp\libc_nano.a(libc_a-vsnprintf.o)
                              build/main.o (vsnprintf)
D:/ARMTOOLCHAINCMAKE/ARM-GNU-TOOLCHAIN-13.3.REL1/BIN/../lib/gcc/arm-none-eabi/13.3.1/thumb/v6-m/nofp\libc_nano.a(libc_a-memset.o)
                              D:/ARMTOOLCHAINCMAKE/ARM-GNU-TOOLCHAIN-13.3.REL1/BIN/../lib/gcc/arm-none-eabi/13.3.1/thumb/v6-m/nofp/crt0.o (memset)
D:/ARMTOOLCHAINCMAKE/ARM-GNU-TOOLCHAIN-13.3.REL1/BIN/../lib/gcc/arm-none-eabi/13.3.1/thumb/v6-m/nofp\libc_nano.a(libc_a-strstr.o)
                              build/device_control.o (strstr)
D:/ARMTOOLCHAINCMAKE/ARM-GNU-TOOLCHAIN-13.3.REL1/BIN/../lib/gcc/arm-none-eabi/13.3.1/thumb/v6-m/nofp\libc_nano.a(libc_a-closer.o)
                              D:/ARMTOOLCHAINCMAKE/ARM-GNU-TOOLCHAIN-13.3.REL1/BIN/../lib/gcc/arm-none-eabi/13.3.1/thumb/v6-m/nofp\libc_nano.a(libc_a-stdio.o) (_close_r)
D:/ARMTOOLCHAINCMAKE/ARM-GNU-TOOLCHAIN-13.3.REL1/BIN/../lib/gcc/arm-none-eabi/13.3.1/thumb/v6-m/nofp\libc_nano.a(libc_a-reent.o)
                              D:/ARMTOOLCHAINCMAKE/ARM-GNU-TOOLCHAIN-13.3.REL1/BIN/../lib/gcc/arm-none-eabi/13.3.1/thumb/v6-m/nofp\libc_nano.a(libc_a-closer.o) (errno)
D:/ARMTOOLCHAINCMAKE/ARM-GNU-TOOLCHAIN-13.3.REL1/BIN/../lib/gcc/arm-none-eabi/13.3.1/thumb/v6-m/nofp\libc_nano.a(libc_a-impure.o)
                              D:/ARMTOOLCHAINCMAKE/ARM-GNU-TOOLCHAIN-13.3.REL1/BIN/../lib/gcc/arm-none-eabi/13.3.1/thumb/v6-m/nofp\libc_nano.a(libc_a-vsnprintf.o) (_impure_ptr)
D:/ARMTOOLCHAINCMAKE/ARM-GNU-TOOLCHAIN-13.3.REL1/BIN/../lib/gcc/arm-none-eabi/13.3.1/thumb/v6-m/nofp\libc_nano.a(libc_a-lseekr.o)
                              D:/ARMTOOLCHAINCMAKE/ARM-GNU-TOOLCHAIN-13.3.REL1/BIN/../lib/gcc/arm-none-eabi/13.3.1/thumb/v6-m/nofp\libc_nano.a(libc_a-stdio.o) (_lseek_r)
D:/ARMTOOLCHAINCMAKE/ARM-GNU-TOOLCHAIN-13.3.REL1/BIN/../lib/gcc/arm-none-eabi/13.3.1/thumb/v6-m/nofp\libc_nano.a(libc_a-readr.o)
                              D:/ARMTOOLCHAINCMAKE/ARM-GNU-TOOLCHAIN-13.3.REL1/BIN/../lib/gcc/arm-none-eabi/13.3.1/thumb/v6-m/nofp\libc_nano.a(libc_a-stdio.o) (_read_r)
D:/ARMTOOLCHAINCMAKE/ARM-GNU-TOOLCHAIN-13.3.REL1/BIN/../lib/gcc/arm-none-eabi/13.3.1/thumb/v6-m/nofp\libc_nano.a(libc_a-writer.o)
                              D:/ARMTOOLCHAINCMAKE/ARM-GNU-TOOLCHAIN-13.3.REL1/BIN/../lib/gcc/arm-none-eabi/13.3.1/thumb/v6-m/nofp\libc_nano.a(libc_a-stdio.o) (_write_r)
D:/ARMTOOLCHAINCMAKE/ARM-GNU-TOOLCHAIN-13.3.REL1/BIN/../lib/gcc/arm-none-eabi/13.3.1/thumb/v6-m/nofp\libc_nano.a(libc_a-errno.o)
                              build/syscalls.o (__errno)
D:/ARMTOOLCHAINCMAKE/ARM-GNU-TOOLCHAIN-13.3.REL1/BIN/../lib/gcc/arm-none-eabi/13.3.1/thumb/v6-m/nofp\libc_nano.a(libc_a-init.o)
                              D:/ARMTOOLCHAINCMAKE/ARM-GNU-TOOLCHAIN-13.3.REL1/BIN/../lib/gcc/arm-none-eabi/13.3.1/thumb/v6-m/nofp/crt0.o (__libc_init_array)
D:/ARMTOOLCHAINCMAKE/ARM-GNU-TOOLCHAIN-13.3.REL1/BIN/../lib/gcc/arm-none-eabi/13.3.1/thumb/v6-m/nofp\libc_nano.a(libc_a-lock.o)
                              D:/ARMTOOLCHAINCMAKE/ARM-GNU-TOOLCHAIN-13.3.REL1/BIN/../lib/gcc/arm-none-eabi/13.3.1/thumb/v6-m/nofp\libc_nano.a(libc_a-findfp.o) (__retarget_lock_init_recursive)
D:/ARMTOOLCHAINCMAKE/ARM-GNU-TOOLCHAIN-13.3.REL1/BIN/../lib/gcc/arm-none-eabi/13.3.1/thumb/v6-m/nofp\libc_nano.a(libc_a-strlen.o)
                              build/main.o (strlen)
D:/ARMTOOLCHAINCMAKE/ARM-GNU-TOOLCHAIN-13.3.REL1/BIN/../lib/gcc/arm-none-eabi/13.3.1/thumb/v6-m/nofp\libc_nano.a(libc_a-freer.o)
                              D:/ARMTOOLCHAINCMAKE/ARM-GNU-TOOLCHAIN-13.3.REL1/BIN/../lib/gcc/arm-none-eabi/13.3.1/thumb/v6-m/nofp\libc_nano.a(libc_a-reent.o) (_free_r)
[...]
Memory Configuration

Name             Origin             Length             Attributes
RAM              0x20000000         0x00002000         xrw
FLASH            0x08000000         0x00010000         xr
*default*        0x00000000         0xffffffff

Linker script and memory map

LOAD D:/ARMTOOLCHAINCMAKE/ARM-GNU-TOOLCHAIN-13.3.REL1/BIN/../lib/gcc/arm-none-eabi/13.3.1/thumb/v6-m/nofp/crti.o
LOAD D:/ARMTOOLCHAINCMAKE/ARM-GNU-TOOLCHAIN-13.3.REL1/BIN/../lib/gcc/arm-none-eabi/13.3.1/thumb/v6-m/nofp/crtbegin.o
LOAD D:/ARMTOOLCHAINCMAKE/ARM-GNU-TOOLCHAIN-13.3.REL1/BIN/../lib/gcc/arm-none-eabi/13.3.1/thumb/v6-m/nofp/crt0.o
LOAD build/main.o
LOAD build/stm32f0xx_hal_msp.o
LOAD build/stm32f0xx_it.o
LOAD build/syscalls.o
LOAD build/sysmem.o
LOAD build/system_stm32f0xx.o
LOAD build/stm32f0xx_hal.o
LOAD build/stm32f0xx_hal_cortex.o
LOAD build/stm32f0xx_hal_dma.o
LOAD build/stm32f0xx_hal_exti.o
LOAD build/stm32f0xx_hal_flash.o
LOAD build/stm32f0xx_hal_flash_ex.o
LOAD build/stm32f0xx_hal_gpio.o
LOAD build/stm32f0xx_hal_i2c.o
LOAD build/stm32f0xx_hal_i2c_ex.o
LOAD build/stm32f0xx_hal_pwr.o
LOAD build/stm32f0xx_hal_pwr_ex.o
LOAD build/stm32f0xx_hal_rcc.o
LOAD build/stm32f0xx_hal_rcc_ex.o
LOAD build/stm32f0xx_hal_tim.o
LOAD build/stm32f0xx_hal_tim_ex.o
LOAD build/stm32f0xx_hal_uart.o
LOAD build/stm32f0xx_hal_uart_ex.o
LOAD build/device_control.o
LOAD build/startup_stm32f030x8.o
LOAD D:/ARMTOOLCHAINCMAKE/ARM-GNU-TOOLCHAIN-13.3.REL1/BIN/../lib/gcc/arm-none-eabi/13.3.1/thumb/v6-m/nofp\libc_nano.a
LOAD D:/ARMTOOLCHAINCMAKE/ARM-GNU-TOOLCHAIN-13.3.REL1/BIN/../lib/gcc/arm-none-eabi/13.3.1/thumb/v6-m/nofp\libm.a
LOAD D:/ARMTOOLCHAINCMAKE/ARM-GNU-TOOLCHAIN-13.3.REL1/BIN/../lib/gcc/arm-none-eabi/13.3.1/thumb/v6-m/nofp\libnosys.a
START GROUP
LOAD D:/ARMTOOLCHAINCMAKE/ARM-GNU-TOOLCHAIN-13.3.REL1/BIN/../lib/gcc/arm-none-eabi/13.3.1/thumb/v6-m/nofp\libgcc.a
LOAD D:/ARMTOOLCHAINCMAKE/ARM-GNU-TOOLCHAIN-13.3.REL1/BIN/../lib/gcc/arm-none-eabi/13.3.1/thumb/v6-m/nofp\libc_nano.a
END GROUP
START GROUP
LOAD D:/ARMTOOLCHAINCMAKE/ARM-GNU-TOOLCHAIN-13.3.REL1/BIN/../lib/gcc/arm-none-eabi/13.3.1/thumb/v6-m/nofp\libgcc.a
LOAD D:/ARMTOOLCHAINCMAKE/ARM-GNU-TOOLCHAIN-13.3.REL1/BIN/../lib/gcc/arm-none-eabi/13.3.1/thumb/v6-m/nofp\libc_nano.a
END GROUP
LOAD D:/ARMTOOLCHAINCMAKE/ARM-GNU-TOOLCHAIN-13.3.REL1/BIN/../lib/gcc/arm-none-eabi/13.3.1/thumb/v6-m/nofp/crtend.o
LOAD D:/ARMTOOLCHAINCMAKE/ARM-GNU-TOOLCHAIN-13.3.REL1/BIN/../lib/gcc/arm-none-eabi/13.3.1/thumb/v6-m/nofp/crtn.o
                0x20002000                        _estack = (ORIGIN (RAM) + LENGTH (RAM))
                0x00000200                        _Min_Heap_Size = 0x200
                0x00000400                        _Min_Stack_Size = 0x400

.isr_vector     0x08000000       0xc0
                0x08000000                        . = ALIGN (0x4)
 *(.isr_vector)
 .isr_vector    0x08000000       0xc0 build/startup_stm32f030x8.o
                0x08000000                g_pfnVectors
                0x080000c0                        . = ALIGN (0x4)

.text           0x080000c0     0x1ed4
                0x080000c0                        . = ALIGN (0x4)
 *(.text)
 .text          0x080000c0        0xe D:/ARMTOOLCHAINCMAKE/ARM-GNU-TOOLCHAIN-13.3.REL1/BIN/../lib/gcc/arm-none-eabi/13.3.1/thumb/v6-m/nofp\libc_nano.a(libc_a-strlen.o)
                0x080000c0                strlen
 *fill*         0x080000ce        0x2 
 .text          0x080000d0      0x114 D:/ARMTOOLCHAINCMAKE/ARM-GNU-TOOLCHAIN-13.3.REL1/BIN/../lib/gcc/arm-none-eabi/13.3.1/thumb/v6-m/nofp\libgcc.a(_udivsi3.o)
                0x080000d0                __aeabi_uidiv
                0x080000d0                __udivsi3
                0x080001dc                __aeabi_uidivmod
 .text          0x080001e4        0x4 D:/ARMTOOLCHAINCMAKE/ARM-GNU-TOOLCHAIN-13.3.REL1/BIN/../lib/gcc/arm-none-eabi/13.3.1/thumb/v6-m/nofp\libgcc.a(_dvmd_tls.o)
                0x080001e4                __aeabi_idiv0
                0x080001e4                __aeabi_ldiv0
 *(.text*)
 .text.deregister_tm_clones
                0x080001e8       0x20 D:/ARMTOOLCHAINCMAKE/ARM-GNU-TOOLCHAIN-13.3.REL1/BIN/../lib/gcc/arm-none-eabi/13.3.1/thumb/v6-m/nofp/crtbegin.o
 .text.register_tm_clones
                0x08000208       0x28 D:/ARMTOOLCHAINCMAKE/ARM-GNU-TOOLCHAIN-13.3.REL1/BIN/../lib/gcc/arm-none-eabi/13.3.1/thumb/v6-m/nofp/crtbegin.o
 .text.__do_global_dtors_aux
                0x08000230       0x2c D:/ARMTOOLCHAINCMAKE/ARM-GNU-TOOLCHAIN-13.3.REL1/BIN/../lib/gcc/arm-none-eabi/13.3.1/thumb/v6-m/nofp/crtbegin.o
 .text.frame_dummy
                0x0800025c       0x24 D:/ARMTOOLCHAINCMAKE/ARM-GNU-TOOLCHAIN-13.3.REL1/BIN/../lib/gcc/arm-none-eabi/13.3.1/thumb/v6-m/nofp/crtbegin.o
 .text.MX_GPIO_Init
                0x08000280       0xf0 build/main.o
 .text.MX_DMA_Init
                0x08000370       0x30 build/main.o
 .text.Error_Handler
                0x080003a0        0x4 build/main.o
                0x080003a0                Error_Handler
 .text.MX_USART1_UART_Init
                0x080003a4       0x38 build/main.o
 .text.MX_USART2_UART_Init
                0x080003dc       0x38 build/main.o
 .text.SystemClock_Config
                0x08000414       0x7c build/main.o
                0x08000414                SystemClock_Config
 .text.main     0x08000490       0x6c build/main.o
                0x08000490                main
 .text.HAL_MspInit
                0x080004fc       0x30 build/stm32f0xx_hal_msp.o
                0x080004fc                HAL_MspInit
 .text.HAL_UART_MspInit
                0x0800052c      0x12c build/stm32f0xx_hal_msp.o
                0x0800052c                HAL_UART_MspInit
 .text.NMI_Handler
                0x08000658        0x2 build/stm32f0xx_it.o
                0x08000658                NMI_Handler
 .text.HardFault_Handler
                0x0800065a        0x2 build/stm32f0xx_it.o
                0x0800065a                HardFault_Handler
 .text.SVC_Handler
                0x0800065c        0x2 build/stm32f0xx_it.o
                0x0800065c                SVC_Handler
 .text.PendSV_Handler
                0x0800065e        0x2 build/stm32f0xx_it.o
                0x0800065e                PendSV_Handler
 .text.SysTick_Handler
                0x08000660        0x8 build/stm32f0xx_it.o
                0x08000660                SysTick_Handler
 .text.DMA1_Channel2_3_IRQHandler
                0x08000668       0x18 build/stm32f0xx_it.o
                0x08000668                DMA1_Channel2_3_IRQHandler
 .text.USART1_IRQHandler
                0x08000680       0x10 build/stm32f0xx_it.o
                0x08000680                USART1_IRQHandler
 .text.SystemInit
                0x08000690        0x2 build/system_stm32f0xx.o
                0x08000690                SystemInit
 *fill*         0x08000692        0x2 
 .text.HAL_InitTick
                0x08000694       0x50 build/stm32f0xx_hal.o
                0x08000694                HAL_InitTick
 .text.HAL_Init
                0x080006e4       0x20 build/stm32f0xx_hal.o
                0x080006e4                HAL_Init
 .text.HAL_IncTick
                0x08000704       0x18 build/stm32f0xx_hal.o
                0x08000704                HAL_IncTick
 .text.HAL_GetTick
                0x0800071c        0xc build/stm32f0xx_hal.o
                0x0800071c                HAL_GetTick
 .text.__NVIC_SetPriority
                0x08000728       0x60 build/stm32f0xx_hal_cortex.o
 .text.SysTick_Config
                0x08000788       0x38 build/stm32f0xx_hal_cortex.o
 .text.HAL_NVIC_SetPriority
                0x080007c0        0x8 build/stm32f0xx_hal_cortex.o
                0x080007c0                HAL_NVIC_SetPriority
 .text.HAL_NVIC_EnableIRQ
                0x080007c8       0x18 build/stm32f0xx_hal_cortex.o
                0x080007c8                HAL_NVIC_EnableIRQ
 .text.HAL_SYSTICK_Config
                0x080007e0        0x8 build/stm32f0xx_hal_cortex.o
                0x080007e0                HAL_SYSTICK_Config
 .text.DMA_SetConfig
                0x080007e8       0x2a build/stm32f0xx_hal_dma.o
 *fill*         0x08000812        0x2 
 .text.DMA_CalcBaseAndBitshift
                0x08000814       0x24 build/stm32f0xx_hal_dma.o
 .text.HAL_DMA_Init
                0x08000838       0x50 build/stm32f0xx_hal_dma.o
                0x08000838                HAL_DMA_Init
 .text.HAL_DMA_Start_IT
                0x08000888       0x76 build/stm32f0xx_hal_dma.o
                0x08000888                HAL_DMA_Start_IT
 .text.HAL_DMA_Abort
                0x080008fe       0x44 build/stm32f0xx_hal_dma.o
                0x080008fe                HAL_DMA_Abort
 .text.HAL_DMA_Abort_IT
                0x08000942       0x4a build/stm32f0xx_hal_dma.o
                0x08000942                HAL_DMA_Abort_IT
 .text.HAL_DMA_IRQHandler
                0x0800098c       0xaa build/stm32f0xx_hal_dma.o
                0x0800098c                HAL_DMA_IRQHandler
 *fill*         0x08000a36        0x2 
 .text.HAL_GPIO_Init
                0x08000a38      0x188 build/stm32f0xx_hal_gpio.o
                0x08000a38                HAL_GPIO_Init
 .text.HAL_GPIO_WritePin
                0x08000bc0        0xc build/stm32f0xx_hal_gpio.o
                0x08000bc0                HAL_GPIO_WritePin
 .text.HAL_RCC_OscConfig
                0x08000bcc      0x49c build/stm32f0xx_hal_rcc.o
                0x08000bcc                HAL_RCC_OscConfig
 .text.HAL_RCC_GetSysClockFreq
                0x08001068       0x54 build/stm32f0xx_hal_rcc.o
                0x08001068                HAL_RCC_GetSysClockFreq
 .text.HAL_RCC_ClockConfig
                0x080010bc      0x134 build/stm32f0xx_hal_rcc.o
                0x080010bc                HAL_RCC_ClockConfig
 .text.HAL_RCC_GetHCLKFreq
                0x080011f0        0xc build/stm32f0xx_hal_rcc.o
                0x080011f0                HAL_RCC_GetHCLKFreq
 .text.HAL_RCC_GetPCLK1Freq
                0x080011fc       0x20 build/stm32f0xx_hal_rcc.o
                0x080011fc                HAL_RCC_GetPCLK1Freq
 .text.HAL_RCCEx_PeriphCLKConfig
                0x0800121c      0x120 build/stm32f0xx_hal_rcc_ex.o
                0x0800121c                HAL_RCCEx_PeriphCLKConfig
 .text.UART_EndTxTransfer
                0x0800133c       0x20 build/stm32f0xx_hal_uart.o
 .text.UART_EndRxTransfer
                0x0800135c       0x60 build/stm32f0xx_hal_uart.o
 .text.HAL_UART_TxCpltCallback
                0x080013bc        0x2 build/stm32f0xx_hal_uart.o
                0x080013bc                HAL_UART_TxCpltCallback
 .text.UART_EndTransmit_IT
                0x080013be       0x28 build/stm32f0xx_hal_uart.o
 .text.HAL_UART_RxCpltCallback
                0x080013e6        0x2 build/stm32f0xx_hal_uart.o
                0x080013e6                HAL_UART_RxCpltCallback
 .text.HAL_UART_RxHalfCpltCallback
                0x080013e8        0x2 build/stm32f0xx_hal_uart.o
                0x080013e8                HAL_UART_RxHalfCpltCallback
 .text.HAL_UART_ErrorCallback
                0x080013ea        0x2 build/stm32f0xx_hal_uart.o
                0x080013ea                HAL_UART_ErrorCallback
 .text.UART_DMAError
                0x080013ec       0x50 build/stm32f0xx_hal_uart.o
 .text.UART_DMAAbortOnError
                0x0800143c       0x14 build/stm32f0xx_hal_uart.o
 .text.HAL_UARTEx_RxEventCallback
                0x08001450        0x2 build/stm32f0xx_hal_uart.o
                0x08001450                HAL_UARTEx_RxEventCallback
 *fill*         0x08001452        0x2 
 .text.HAL_UART_IRQHandler
                0x08001454      0x2b8 build/stm32f0xx_hal_uart.o
                0x08001454                HAL_UART_IRQHandler
 .text.UART_DMARxHalfCplt
                0x0800170c       0x20 build/stm32f0xx_hal_uart.o
 .text.UART_DMAReceiveCplt
                0x0800172c       0x98 build/stm32f0xx_hal_uart.o
 .text.UART_SetConfig
                0x080017c4      0x170 build/stm32f0xx_hal_uart.o
                0x080017c4                UART_SetConfig
 .text.UART_AdvFeatureConfig
                0x08001934       0xe0 build/stm32f0xx_hal_uart.o
                0x08001934                UART_AdvFeatureConfig
 .text.UART_WaitOnFlagUntilTimeout
                0x08001a14       0x9e build/stm32f0xx_hal_uart.o
                0x08001a14                UART_WaitOnFlagUntilTimeout
 .text.HAL_UART_Transmit
                0x08001ab2       0xf2 build/stm32f0xx_hal_uart.o
                0x08001ab2                HAL_UART_Transmit
 .text.UART_CheckIdleState
                0x08001ba4       0xd0 build/stm32f0xx_hal_uart.o
                0x08001ba4                UART_CheckIdleState
 .text.HAL_UART_Init
                0x08001c74       0x6c build/stm32f0xx_hal_uart.o
                0x08001c74                HAL_UART_Init
 .text.UART_Start_Receive_DMA
                0x08001ce0       0xb0 build/stm32f0xx_hal_uart.o
                0x08001ce0                UART_Start_Receive_DMA
 .text.HAL_UARTEx_ReceiveToIdle_DMA
                0x08001d90       0x72 build/stm32f0xx_hal_uart_ex.o
                0x08001d90                HAL_UARTEx_ReceiveToIdle_DMA
 *fill*         0x08001e02        0x2 
 .text.controlDevice
                0x08001e04       0xa0 build/device_control.o
                0x08001e04                controlDevice
 .text.Reset_Handler
                0x08001ea4       0x50 build/startup_stm32f030x8.o
                0x08001ea4                Reset_Handler
 .text.Default_Handler
                0x08001ef4        0x2 build/startup_stm32f030x8.o
                0x08001ef4                TIM1_CC_IRQHandler
                0x08001ef4                TIM6_IRQHandler
                0x08001ef4                I2C1_IRQHandler
                0x08001ef4                SPI1_IRQHandler
                0x08001ef4                EXTI2_3_IRQHandler
                0x08001ef4                ADC1_IRQHandler
                0x08001ef4                I2C2_IRQHandler
                0x08001ef4                TIM17_IRQHandler
                0x08001ef4                RTC_IRQHandler
                0x08001ef4                TIM16_IRQHandler
                0x08001ef4                TIM3_IRQHandler
                0x08001ef4                EXTI4_15_IRQHandler
                0x08001ef4                RCC_IRQHandler
                0x08001ef4                DMA1_Channel1_IRQHandler
                0x08001ef4                Default_Handler
                0x08001ef4                TIM14_IRQHandler
                0x08001ef4                DMA1_Channel4_5_IRQHandler
                0x08001ef4                TIM15_IRQHandler
                0x08001ef4                EXTI0_1_IRQHandler
                0x08001ef4                SPI2_IRQHandler
                0x08001ef4                WWDG_IRQHandler
                0x08001ef4                USART2_IRQHandler
                0x08001ef4                FLASH_IRQHandler
                0x08001ef4                TIM1_BRK_UP_TRG_COM_IRQHandler
 .text.memset   0x08001ef6       0x10 D:/ARMTOOLCHAINCMAKE/ARM-GNU-TOOLCHAIN-13.3.REL1/BIN/../lib/gcc/arm-none-eabi/13.3.1/thumb/v6-m/nofp\libc_nano.a(libc_a-memset.o)
                0x08001ef6                memset
 .text.strstr   0x08001f06       0x2c D:/ARMTOOLCHAINCMAKE/ARM-GNU-TOOLCHAIN-13.3.REL1/BIN/../lib/gcc/arm-none-eabi/13.3.1/thumb/v6-m/nofp\libc_nano.a(libc_a-strstr.o)
                0x08001f06                strstr
 *fill*         0x08001f32        0x2 
 .text.__libc_init_array
                0x08001f34       0x48 D:/ARMTOOLCHAINCMAKE/ARM-GNU-TOOLCHAIN-13.3.REL1/BIN/../lib/gcc/arm-none-eabi/13.3.1/thumb/v6-m/nofp\libc_nano.a(libc_a-init.o)
                0x08001f34                __libc_init_array
 *(.glue_7)
 .glue_7        0x08001f7c        0x0 linker stubs
 *(.glue_7t)
 .glue_7t       0x08001f7c        0x0 linker stubs
 *(.eh_frame)
 .eh_frame      0x08001f7c        0x0 D:/ARMTOOLCHAINCMAKE/ARM-GNU-TOOLCHAIN-13.3.REL1/BIN/../lib/gcc/arm-none-eabi/13.3.1/thumb/v6-m/nofp/crtbegin.o
 *(.init)
 .init          0x08001f7c        0x4 D:/ARMTOOLCHAINCMAKE/ARM-GNU-TOOLCHAIN-13.3.REL1/BIN/../lib/gcc/arm-none-eabi/13.3.1/thumb/v6-m/nofp/crti.o
                0x08001f7c                _init
 .init          0x08001f80        0x8 D:/ARMTOOLCHAINCMAKE/ARM-GNU-TOOLCHAIN-13.3.REL1/BIN/../lib/gcc/arm-none-eabi/13.3.1/thumb/v6-m/nofp/crtn.o
 *(.fini)
 .fini          0x08001f88        0x4 D:/ARMTOOLCHAINCMAKE/ARM-GNU-TOOLCHAIN-13.3.REL1/BIN/../lib/gcc/arm-none-eabi/13.3.1/thumb/v6-m/nofp/crti.o
                0x08001f88                _fini
 .fini          0x08001f8c        0x8 D:/ARMTOOLCHAINCMAKE/ARM-GNU-TOOLCHAIN-13.3.REL1/BIN/../lib/gcc/arm-none-eabi/13.3.1/thumb/v6-m/nofp/crtn.o
                0x08001f94                        . = ALIGN (0x4)
                0x08001f94                        _etext = .

.vfp11_veneer   0x08001f94        0x0
 .vfp11_veneer  0x08001f94        0x0 linker stubs

.v4_bx          0x08001f94        0x0
 .v4_bx         0x08001f94        0x0 linker stubs

.iplt           0x08001f94        0x0
 .iplt          0x08001f94        0x0 D:/ARMTOOLCHAINCMAKE/ARM-GNU-TOOLCHAIN-13.3.REL1/BIN/../lib/gcc/arm-none-eabi/13.3.1/thumb/v6-m/nofp/crtbegin.o

.rodata         0x08001f94       0x58
                0x08001f94                        . = ALIGN (0x4)
 *(.rodata)
 *(.rodata*)
 .rodata.APBPrescTable
                0x08001f94        0x8 build/system_stm32f0xx.o
                0x08001f94                APBPrescTable
 .rodata.AHBPrescTable
                0x08001f9c       0x10 build/system_stm32f0xx.o
                0x08001f9c                AHBPrescTable
 .rodata.aPredivFactorTable.0
                0x08001fac       0x10 build/stm32f0xx_hal_rcc.o
 .rodata.aPLLMULFactorTable.1
                0x08001fbc       0x10 build/stm32f0xx_hal_rcc.o
 .rodata.controlDevice.str1.4
                0x08001fcc       0x20 build/device_control.o
                                  0x8 (size before relaxing)
 .rodata.str1.4
                0x08001fec       0x14 build/device_control.o
                0x08002000                        . = ALIGN (0x4)

.rel.dyn        0x08001fec        0x0
 .rel.iplt      0x08001fec        0x0 D:/ARMTOOLCHAINCMAKE/ARM-GNU-TOOLCHAIN-13.3.REL1/BIN/../lib/gcc/arm-none-eabi/13.3.1/thumb/v6-m/nofp/crtbegin.o

.ARM.extab
 *(.ARM.extab* .gnu.linkonce.armextab.*)

.ARM            0x08001fec        0x0
                0x08001fec                        __exidx_start = .
 *(.ARM.exidx*)
                0x08001fec                        __exidx_end = .

.preinit_array  0x08001fec        0x0
                0x08001fec                        PROVIDE (__preinit_array_start = .)
 *(.preinit_array*)
                0x08001fec                        PROVIDE (__preinit_array_end = .)

.init_array     0x08001fec        0x4
                0x08001fec                        PROVIDE (__init_array_start = .)
 *(SORT_BY_NAME(.init_array.*))
 *(.init_array*)
 .init_array    0x08001fec        0x4 D:/ARMTOOLCHAINCMAKE/ARM-GNU-TOOLCHAIN-13.3.REL1/BIN/../lib/gcc/arm-none-eabi/13.3.1/thumb/v6-m/nofp/crtbegin.o
                0x08001ff0                        PROVIDE (__init_array_end = .)

.fini_array     0x08001ff0        0x4
                [!provide]                        PROVIDE (__fini_array_start = .)
 *(SORT_BY_NAME(.fini_array.*))
 *(.fini_array*)
 .fini_array    0x08001ff0        0x4 D:/ARMTOOLCHAINCMAKE/ARM-GNU-TOOLCHAIN-13.3.REL1/BIN/../lib/gcc/arm-none-eabi/13.3.1/thumb/v6-m/nofp/crtbegin.o
                [!provide]                        PROVIDE (__fini_array_end = .)
                0x08001ff4                        _sidata = LOADADDR (.data)

.data           0x20000000       0x30 load address 0x08001ff4
                0x20000000                        . = ALIGN (0x4)
                0x20000000                        _sdata = .
 *(.data)
 *(.data*)
 .data.SystemCoreClock
                0x20000000        0x4 build/system_stm32f0xx.o
                0x20000000                SystemCoreClock
 .data.uwTickFreq
                0x20000004        0x1 build/stm32f0xx_hal.o
                0x20000004                uwTickFreq
 *fill*         0x20000005        0x3 
 .data.uwTickPrio
                0x20000008        0x4 build/stm32f0xx_hal.o
                0x20000008                uwTickPrio
 .data.devices  0x2000000c       0x24 build/device_control.o
                0x2000000c                devices
                0x20000030                        . = ALIGN (0x4)
                0x20000030                        _edata = .

.tm_clone_table
                0x20000030        0x0 load address 0x08002024
 .tm_clone_table
                0x20000030        0x0 D:/ARMTOOLCHAINCMAKE/ARM-GNU-TOOLCHAIN-13.3.REL1/BIN/../lib/gcc/arm-none-eabi/13.3.1/thumb/v6-m/nofp/crtbegin.o
 .tm_clone_table
                0x20000030        0x0 D:/ARMTOOLCHAINCMAKE/ARM-GNU-TOOLCHAIN-13.3.REL1/BIN/../lib/gcc/arm-none-eabi/13.3.1/thumb/v6-m/nofp/crtend.o

.igot.plt       0x20000030        0x0 load address 0x08002024
 .igot.plt      0x20000030        0x0 D:/ARMTOOLCHAINCMAKE/ARM-GNU-TOOLCHAIN-13.3.REL1/BIN/../lib/gcc/arm-none-eabi/13.3.1/thumb/v6-m/nofp/crtbegin.o
                0x20000030                        . = ALIGN (0x4)

.bss            0x20000030      0x1b8 load address 0x08002024
                0x20000030                        _sbss = .
                0x20000030                        __bss_start__ = _sbss
 *(.bss)
 *(.bss*)
 .bss.completed.1
                0x20000030        0x1 D:/ARMTOOLCHAINCMAKE/ARM-GNU-TOOLCHAIN-13.3.REL1/BIN/../lib/gcc/arm-none-eabi/13.3.1/thumb/v6-m/nofp/crtbegin.o
 *fill*         0x20000031        0x3 
 .bss.object.0  0x20000034       0x18 D:/ARMTOOLCHAINCMAKE/ARM-GNU-TOOLCHAIN-13.3.REL1/BIN/../lib/gcc/arm-none-eabi/13.3.1/thumb/v6-m/nofp/crtbegin.o
 .bss.hdma_usart1_tx
                0x2000004c       0x44 build/main.o
                0x2000004c                hdma_usart1_tx
 .bss.hdma_usart1_rx
                0x20000090       0x44 build/main.o
                0x20000090                hdma_usart1_rx
 .bss.huart2    0x200000d4       0x88 build/main.o
                0x200000d4                huart2
 .bss.huart1    0x2000015c       0x88 build/main.o
                0x2000015c                huart1
 .bss.uwTick    0x200001e4        0x4 build/stm32f0xx_hal.o
                0x200001e4                uwTick
 *(COMMON)
                0x200001e8                        . = ALIGN (0x4)
                0x200001e8                        _ebss = .
                0x200001e8                        __bss_end__ = _ebss

._user_heap_stack
                0x200001e8      0x600 load address 0x08002024
                0x200001e8                        . = ALIGN (0x8)
                [!provide]                        PROVIDE (end = .)
                0x200001e8                        PROVIDE (_end = .)
                0x200003e8                        . = (. + _Min_Heap_Size)
 *fill*         0x200001e8      0x200 
                0x200007e8                        . = (. + _Min_Stack_Size)
 *fill*         0x200003e8      0x400 
                0x200007e8                        . = ALIGN (0x8)

/DISCARD/
 libc.a(*)
 libm.a(*)
 libgcc.a(*)

.ARM.attributes
                0x00000000       0x28
 *(.ARM.attributes)
 .ARM.attributes
                0x00000000       0x1e D:/ARMTOOLCHAINCMAKE/ARM-GNU-TOOLCHAIN-13.3.REL1/BIN/../lib/gcc/arm-none-eabi/13.3.1/thumb/v6-m/nofp/crti.o
 .ARM.attributes
                0x0000001e       0x2c D:/ARMTOOLCHAINCMAKE/ARM-GNU-TOOLCHAIN-13.3.REL1/BIN/../lib/gcc/arm-none-eabi/13.3.1/thumb/v6-m/nofp/crtbegin.o
 .ARM.attributes
                0x0000004a       0x2c build/main.o
 .ARM.attributes
                0x00000076       0x2c build/stm32f0xx_hal_msp.o
 .ARM.attributes
                0x000000a2       0x2c build/stm32f0xx_it.o
 .ARM.attributes
                0x000000ce       0x2c build/system_stm32f0xx.o
 .ARM.attributes
                0x000000fa       0x2c build/stm32f0xx_hal.o
 .ARM.attributes
                0x00000126       0x2c build/stm32f0xx_hal_cortex.o
 .ARM.attributes
                0x00000152       0x2c build/stm32f0xx_hal_dma.o
 .ARM.attributes
                0x0000017e       0x2c build/stm32f0xx_hal_gpio.o
 .ARM.attributes
                0x000001aa       0x2c build/stm32f0xx_hal_rcc.o
 .ARM.attributes
                0x000001d6       0x2c build/stm32f0xx_hal_rcc_ex.o
 .ARM.attributes
                0x00000202       0x2c build/stm32f0xx_hal_uart.o
 .ARM.attributes
                0x0000022e       0x2c build/stm32f0xx_hal_uart_ex.o
 .ARM.attributes
                0x0000025a       0x2c build/device_control.o
 .ARM.attributes
                0x00000286       0x21 build/startup_stm32f030x8.o
 .ARM.attributes
                0x000002a7       0x2c D:/ARMTOOLCHAINCMAKE/ARM-GNU-TOOLCHAIN-13.3.REL1/BIN/../lib/gcc/arm-none-eabi/13.3.1/thumb/v6-m/nofp\libc_nano.a(libc_a-memset.o)
 .ARM.attributes
                0x000002d3       0x2c D:/ARMTOOLCHAINCMAKE/ARM-GNU-TOOLCHAIN-13.3.REL1/BIN/../lib/gcc/arm-none-eabi/13.3.1/thumb/v6-m/nofp\libc_nano.a(libc_a-strstr.o)
 .ARM.attributes
                0x000002ff       0x2c D:/ARMTOOLCHAINCMAKE/ARM-GNU-TOOLCHAIN-13.3.REL1/BIN/../lib/gcc/arm-none-eabi/13.3.1/thumb/v6-m/nofp\libc_nano.a(libc_a-init.o)
 .ARM.attributes
                0x0000032b       0x1c D:/ARMTOOLCHAINCMAKE/ARM-GNU-TOOLCHAIN-13.3.REL1/BIN/../lib/gcc/arm-none-eabi/13.3.1/thumb/v6-m/nofp\libc_nano.a(libc_a-strlen.o)
 .ARM.attributes
                0x00000347       0x1e D:/ARMTOOLCHAINCMAKE/ARM-GNU-TOOLCHAIN-13.3.REL1/BIN/../lib/gcc/arm-none-eabi/13.3.1/thumb/v6-m/nofp\libgcc.a(_udivsi3.o)
 .ARM.attributes
                0x00000365       0x1e D:/ARMTOOLCHAINCMAKE/ARM-GNU-TOOLCHAIN-13.3.REL1/BIN/../lib/gcc/arm-none-eabi/13.3.1/thumb/v6-m/nofp\libgcc.a(_dvmd_tls.o)
 .ARM.attributes
                0x00000383       0x2c D:/ARMTOOLCHAINCMAKE/ARM-GNU-TOOLCHAIN-13.3.REL1/BIN/../lib/gcc/arm-none-eabi/13.3.1/thumb/v6-m/nofp/crtend.o
 .ARM.attributes
                0x000003af       0x1e D:/ARMTOOLCHAINCMAKE/ARM-GNU-TOOLCHAIN-13.3.REL1/BIN/../lib/gcc/arm-none-eabi/13.3.1/thumb/v6-m/nofp/crtn.o
OUTPUT(build/Stm32F030.elf elf32-littlearm)
LOAD linker stubs
LOAD D:/ARMTOOLCHAINCMAKE/ARM-GNU-TOOLCHAIN-13.3.REL1/BIN/../lib/gcc/arm-none-eabi/13.3.1/thumb/v6-m/nofp\libc.a
LOAD D:/ARMTOOLCHAINCMAKE/ARM-GNU-TOOLCHAIN-13.3.REL1/BIN/../lib/gcc/arm-none-eabi/13.3.1/thumb/v6-m/nofp\libm.a
LOAD D:/ARMTOOLCHAINCMAKE/ARM-GNU-TOOLCHAIN-13.3.REL1/BIN/../lib/gcc/arm-none-eabi/13.3.1/thumb/v6-m/nofp\libgcc.a

.debug_info     0x00000000     0xb597
 .debug_info    0x00000000     0x1227 build/main.o
 .debug_info    0x00001227      0xbc4 build/stm32f0xx_hal_msp.o
 .debug_info    0x00001deb      0x716 build/stm32f0xx_it.o
 .debug_info    0x00002501      0x264 build/system_stm32f0xx.o
 .debug_info    0x00002765      0x713 build/stm32f0xx_hal.o
 .debug_info    0x00002e78      0x7db build/stm32f0xx_hal_cortex.o
 .debug_info    0x00003653      0x85a build/stm32f0xx_hal_dma.o
 .debug_info    0x00003ead      0x5fb build/stm32f0xx_hal_gpio.o
 .debug_info    0x000044a8      0xa3a build/stm32f0xx_hal_rcc.o
 .debug_info    0x00004ee2      0x3bd build/stm32f0xx_hal_rcc_ex.o
 .debug_info    0x0000529f     0x4e29 build/stm32f0xx_hal_uart.o
 .debug_info    0x0000a0c8      0xb6e build/stm32f0xx_hal_uart_ex.o
 .debug_info    0x0000ac36      0x931 build/device_control.o
 .debug_info    0x0000b567       0x30 build/startup_stm32f030x8.o

.debug_abbrev   0x00000000     0x1d56
 .debug_abbrev  0x00000000      0x2f3 build/main.o
 .debug_abbrev  0x000002f3      0x229 build/stm32f0xx_hal_msp.o
 .debug_abbrev  0x0000051c      0x190 build/stm32f0xx_it.o
 .debug_abbrev  0x000006ac      0x136 build/system_stm32f0xx.o
 .debug_abbrev  0x000007e2      0x269 build/stm32f0xx_hal.o
 .debug_abbrev  0x00000a4b      0x2ec build/stm32f0xx_hal_cortex.o
 .debug_abbrev  0x00000d37      0x1f6 build/stm32f0xx_hal_dma.o
 .debug_abbrev  0x00000f2d      0x1f6 build/stm32f0xx_hal_gpio.o
 .debug_abbrev  0x00001123      0x29c build/stm32f0xx_hal_rcc.o
 .debug_abbrev  0x000013bf      0x1ac build/stm32f0xx_hal_rcc_ex.o
 .debug_abbrev  0x0000156b      0x325 build/stm32f0xx_hal_uart.o
 .debug_abbrev  0x00001890      0x2ae build/stm32f0xx_hal_uart_ex.o
 .debug_abbrev  0x00001b3e      0x1f4 build/device_control.o
 .debug_abbrev  0x00001d32       0x24 build/startup_stm32f030x8.o

.debug_aranges  0x00000000      0x6a0
 .debug_aranges
                0x00000000       0x58 build/main.o
 .debug_aranges
                0x00000058       0x30 build/stm32f0xx_hal_msp.o
 .debug_aranges
                0x00000088       0x50 build/stm32f0xx_it.o
 .debug_aranges
                0x000000d8       0x28 build/system_stm32f0xx.o
 .debug_aranges
                0x00000100       0xd0 build/stm32f0xx_hal.o
 .debug_aranges
                0x000001d0       0x98 build/stm32f0xx_hal_cortex.o
 .debug_aranges
                0x00000268       0x88 build/stm32f0xx_hal_dma.o
 .debug_aranges
                0x000002f0       0x58 build/stm32f0xx_hal_gpio.o
 .debug_aranges
                0x00000348       0x80 build/stm32f0xx_hal_rcc.o
 .debug_aranges
                0x000003c8       0x30 build/stm32f0xx_hal_rcc_ex.o
 .debug_aranges
                0x000003f8      0x218 build/stm32f0xx_hal_uart.o
 .debug_aranges
                0x00000610       0x48 build/stm32f0xx_hal_uart_ex.o
 .debug_aranges
                0x00000658       0x20 build/device_control.o
 .debug_aranges
                0x00000678       0x28 build/startup_stm32f030x8.o

.debug_rnglists
                0x00000000      0x562
 .debug_rnglists
                0x00000000       0x3e build/main.o
 .debug_rnglists
                0x0000003e       0x20 build/stm32f0xx_hal_msp.o
 .debug_rnglists
                0x0000005e       0x37 build/stm32f0xx_it.o
 .debug_rnglists
                0x00000095       0x1a build/system_stm32f0xx.o
 .debug_rnglists
                0x000000af       0x97 build/stm32f0xx_hal.o
 .debug_rnglists
                0x00000146       0x79 build/stm32f0xx_hal_cortex.o
 .debug_rnglists
                0x000001bf       0x63 build/stm32f0xx_hal_dma.o
 .debug_rnglists
                0x00000222       0x3f build/stm32f0xx_hal_gpio.o
 .debug_rnglists
                0x00000261       0x6e build/stm32f0xx_hal_rcc.o
 .debug_rnglists
                0x000002cf       0x2f build/stm32f0xx_hal_rcc_ex.o
 .debug_rnglists
                0x000002fe      0x1d4 build/stm32f0xx_hal_uart.o
 .debug_rnglists
                0x000004d2       0x63 build/stm32f0xx_hal_uart_ex.o
 .debug_rnglists
                0x00000535       0x14 build/device_control.o
 .debug_rnglists
                0x00000549       0x19 build/startup_stm32f030x8.o

.debug_line     0x00000000     0x81e9
 .debug_line    0x00000000      0x660 build/main.o
 .debug_line    0x00000660      0x3a8 build/stm32f0xx_hal_msp.o
 .debug_line    0x00000a08      0x24e build/stm32f0xx_it.o
 .debug_line    0x00000c56      0x20c build/system_stm32f0xx.o
 .debug_line    0x00000e62      0x509 build/stm32f0xx_hal.o
 .debug_line    0x0000136b      0x51a build/stm32f0xx_hal_cortex.o
 .debug_line    0x00001885      0xa36 build/stm32f0xx_hal_dma.o
 .debug_line    0x000022bb      0x690 build/stm32f0xx_hal_gpio.o
 .debug_line    0x0000294b      0xc15 build/stm32f0xx_hal_rcc.o
 .debug_line    0x00003560      0x485 build/stm32f0xx_hal_rcc_ex.o
 .debug_line    0x000039e5     0x3d98 build/stm32f0xx_hal_uart.o
 .debug_line    0x0000777d      0x6e5 build/stm32f0xx_hal_uart_ex.o
 .debug_line    0x00007e62      0x310 build/device_control.o
 .debug_line    0x00008172       0x77 build/startup_stm32f030x8.o

.debug_str      0x00000000     0x203b
 .debug_str     0x00000000     0x203b build/main.o
                                0xbcf (size before relaxing)
 .debug_str     0x0000203b      0x91c build/stm32f0xx_hal_msp.o
 .debug_str     0x0000203b      0x66d build/stm32f0xx_it.o
 .debug_str     0x0000203b      0x248 build/system_stm32f0xx.o
 .debug_str     0x0000203b      0x67e build/stm32f0xx_hal.o
 .debug_str     0x0000203b      0x5bf build/stm32f0xx_hal_cortex.o
 .debug_str     0x0000203b      0x5ee build/stm32f0xx_hal_dma.o
 .debug_str     0x0000203b      0x3cb build/stm32f0xx_hal_gpio.o
 .debug_str     0x0000203b      0x62c build/stm32f0xx_hal_rcc.o
 .debug_str     0x0000203b      0x383 build/stm32f0xx_hal_rcc_ex.o
 .debug_str     0x0000203b      0xe69 build/stm32f0xx_hal_uart.o
 .debug_str     0x0000203b      0x7da build/stm32f0xx_hal_uart_ex.o
 .debug_str     0x0000203b      0x6c5 build/device_control.o
 .debug_str     0x0000203b       0x51 build/startup_stm32f030x8.o

.comment        0x00000000       0x45
 .comment       0x00000000       0x45 build/main.o
                                 0x46 (size before relaxing)
 .comment       0x00000045       0x46 build/stm32f0xx_hal_msp.o
 .comment       0x00000045       0x46 build/stm32f0xx_it.o
 .comment       0x00000045       0x46 build/system_stm32f0xx.o
 .comment       0x00000045       0x46 build/stm32f0xx_hal.o
 .comment       0x00000045       0x46 build/stm32f0xx_hal_cortex.o
 .comment       0x00000045       0x46 build/stm32f0xx_hal_dma.o
 .comment       0x00000045       0x46 build/stm32f0xx_hal_gpio.o
 .comment       0x00000045       0x46 build/stm32f0xx_hal_rcc.o
 .comment       0x00000045       0x46 build/stm32f0xx_hal_rcc_ex.o
 .comment       0x00000045       0x46 build/stm32f0xx_hal_uart.o
 .comment       0x00000045       0x46 build/stm32f0xx_hal_uart_ex.o
 .comment       0x00000045       0x46 build/device_control.o

.debug_frame    0x00000000     0x1020
 .debug_frame   0x00000000       0xe0 build/main.o
 .debug_frame   0x000000e0       0x58 build/stm32f0xx_hal_msp.o
 .debug_frame   0x00000138       0x98 build/stm32f0xx_it.o
 .debug_frame   0x000001d0       0x38 build/system_stm32f0xx.o
 .debug_frame   0x00000208      0x1ac build/stm32f0xx_hal.o
 .debug_frame   0x000003b4      0x144 build/stm32f0xx_hal_cortex.o
 .debug_frame   0x000004f8      0x168 build/stm32f0xx_hal_dma.o
 .debug_frame   0x00000660       0xc0 build/stm32f0xx_hal_gpio.o
 .debug_frame   0x00000720      0x134 build/stm32f0xx_hal_rcc.o
 .debug_frame   0x00000854       0x58 build/stm32f0xx_hal_rcc_ex.o
 .debug_frame   0x000008ac      0x5f8 build/stm32f0xx_hal_uart.o
 .debug_frame   0x00000ea4       0xb8 build/stm32f0xx_hal_uart_ex.o
 .debug_frame   0x00000f5c       0x2c build/device_control.o
 .debug_frame   0x00000f88       0x20 D:/ARMTOOLCHAINCMAKE/ARM-GNU-TOOLCHAIN-13.3.REL1/BIN/../lib/gcc/arm-none-eabi/13.3.1/thumb/v6-m/nofp\libc_nano.a(libc_a-memset.o)
 .debug_frame   0x00000fa8       0x2c D:/ARMTOOLCHAINCMAKE/ARM-GNU-TOOLCHAIN-13.3.REL1/BIN/../lib/gcc/arm-none-eabi/13.3.1/thumb/v6-m/nofp\libc_nano.a(libc_a-strstr.o)
 .debug_frame   0x00000fd4       0x2c D:/ARMTOOLCHAINCMAKE/ARM-GNU-TOOLCHAIN-13.3.REL1/BIN/../lib/gcc/arm-none-eabi/13.3.1/thumb/v6-m/nofp\libc_nano.a(libc_a-init.o)
 .debug_frame   0x00001000       0x20 D:/ARMTOOLCHAINCMAKE/ARM-GNU-TOOLCHAIN-13.3.REL1/BIN/../lib/gcc/arm-none-eabi/13.3.1/thumb/v6-m/nofp\libgcc.a(_udivsi3.o)

.debug_loclists
                0x00000000     0x3ce3
 .debug_loclists
                0x00000000       0x78 build/stm32f0xx_hal_msp.o
 .debug_loclists
                0x00000078       0xf5 build/system_stm32f0xx.o
 .debug_loclists
                0x0000016d       0xe1 build/stm32f0xx_hal.o
 .debug_loclists
                0x0000024e      0x208 build/stm32f0xx_hal_cortex.o
 .debug_loclists
                0x00000456      0x642 build/stm32f0xx_hal_dma.o
 .debug_loclists
                0x00000a98      0x28d build/stm32f0xx_hal_gpio.o
 .debug_loclists
                0x00000d25      0x41c build/stm32f0xx_hal_rcc.o
 .debug_loclists
                0x00001141      0x2c7 build/stm32f0xx_hal_rcc_ex.o
 .debug_loclists
                0x00001408     0x2329 build/stm32f0xx_hal_uart.o
 .debug_loclists
                0x00003731      0x569 build/stm32f0xx_hal_uart_ex.o
 .debug_loclists
                0x00003c9a       0x49 build/device_control.o

.debug_line_str
                0x00000000      0x1e5
 .debug_line_str
                0x00000000      0x1e5 build/startup_stm32f030x8.o
                                 0x35 (size before relaxing)
 .debug_line_str
                0x000001e5       0xe7 D:/ARMTOOLCHAINCMAKE/ARM-GNU-TOOLCHAIN-13.3.REL1/BIN/../lib/gcc/arm-none-eabi/13.3.1/thumb/v6-m/nofp\libc_nano.a(libc_a-strlen.o)
 .debug_line_str
                0x000001e5       0xc9 D:/ARMTOOLCHAINCMAKE/ARM-GNU-TOOLCHAIN-13.3.REL1/BIN/../lib/gcc/arm-none-eabi/13.3.1/thumb/v6-m/nofp\libgcc.a(_udivsi3.o)
 .debug_line_str
                0x000001e5       0xc9 D:/ARMTOOLCHAINCMAKE/ARM-GNU-TOOLCHAIN-13.3.REL1/BIN/../lib/gcc/arm-none-eabi/13.3.1/thumb/v6-m/nofp\libgcc.a(_dvmd_tls.o)

Cross Reference Table

Symbol                                            File
ADC1_IRQHandler                                   build/startup_stm32f030x8.o
AHBPrescTable                                     build/system_stm32f0xx.o
                                                  build/stm32f0xx_hal_rcc.o
APBPrescTable                                     build/system_stm32f0xx.o
                                                  build/stm32f0xx_hal_rcc.o
BL_Printf                                         build/main.o
DMA1_Channel1_IRQHandler                          build/startup_stm32f030x8.o
DMA1_Channel2_3_IRQHandler                        build/stm32f0xx_it.o
DMA1_Channel4_5_IRQHandler                        build/startup_stm32f030x8.o
Default_Handler                                   build/startup_stm32f030x8.o
EXTI0_1_IRQHandler                                build/startup_stm32f030x8.o
EXTI2_3_IRQHandler                                build/startup_stm32f030x8.o
EXTI4_15_IRQHandler                               build/startup_stm32f030x8.o
Error_Handler                                     build/main.o
                                                  build/stm32f0xx_hal_msp.o
FLASH_IRQHandler                                  build/startup_stm32f030x8.o
FLASH_PageErase                                   build/stm32f0xx_hal_flash_ex.o
                                                  build/stm32f0xx_hal_flash.o
FLASH_WaitForLastOperation                        build/stm32f0xx_hal_flash.o
                                                  build/stm32f0xx_hal_flash_ex.o
HAL_DBGMCU_DisableDBGStandbyMode                  build/stm32f0xx_hal.o
HAL_DBGMCU_DisableDBGStopMode                     build/stm32f0xx_hal.o
HAL_DBGMCU_EnableDBGStandbyMode                   build/stm32f0xx_hal.o
HAL_DBGMCU_EnableDBGStopMode                      build/stm32f0xx_hal.o
HAL_DMA_Abort                                     build/stm32f0xx_hal_dma.o
                                                  build/stm32f0xx_hal_uart.o
HAL_DMA_Abort_IT                                  build/stm32f0xx_hal_dma.o
                                                  build/stm32f0xx_hal_uart.o
                                                  build/stm32f0xx_hal_i2c.o
HAL_DMA_DeInit                                    build/stm32f0xx_hal_dma.o
                                                  build/stm32f0xx_hal_msp.o
HAL_DMA_GetError                                  build/stm32f0xx_hal_dma.o
                                                  build/stm32f0xx_hal_uart.o
HAL_DMA_GetState                                  build/stm32f0xx_hal_dma.o
                                                  build/stm32f0xx_hal_i2c.o
HAL_DMA_IRQHandler                                build/stm32f0xx_hal_dma.o
                                                  build/stm32f0xx_it.o
HAL_DMA_Init                                      build/stm32f0xx_hal_dma.o
                                                  build/stm32f0xx_hal_msp.o
HAL_DMA_PollForTransfer                           build/stm32f0xx_hal_dma.o
HAL_DMA_RegisterCallback                          build/stm32f0xx_hal_dma.o
HAL_DMA_Start                                     build/stm32f0xx_hal_dma.o
HAL_DMA_Start_IT                                  build/stm32f0xx_hal_dma.o
                                                  build/stm32f0xx_hal_uart.o
                                                  build/stm32f0xx_hal_i2c.o
HAL_DMA_UnRegisterCallback                        build/stm32f0xx_hal_dma.o
HAL_DeInit                                        build/stm32f0xx_hal.o
HAL_Delay                                         build/stm32f0xx_hal.o
HAL_EXTI_ClearConfigLine                          build/stm32f0xx_hal_exti.o
HAL_EXTI_ClearPending                             build/stm32f0xx_hal_exti.o
HAL_EXTI_GenerateSWI                              build/stm32f0xx_hal_exti.o
HAL_EXTI_GetConfigLine                            build/stm32f0xx_hal_exti.o
HAL_EXTI_GetHandle                                build/stm32f0xx_hal_exti.o
HAL_EXTI_GetPending                               build/stm32f0xx_hal_exti.o
HAL_EXTI_IRQHandler                               build/stm32f0xx_hal_exti.o
HAL_EXTI_RegisterCallback                         build/stm32f0xx_hal_exti.o
HAL_EXTI_SetConfigLine                            build/stm32f0xx_hal_exti.o
HAL_FLASHEx_Erase                                 build/stm32f0xx_hal_flash_ex.o
HAL_FLASHEx_Erase_IT                              build/stm32f0xx_hal_flash_ex.o
HAL_FLASHEx_OBErase                               build/stm32f0xx_hal_flash_ex.o
HAL_FLASHEx_OBGetConfig                           build/stm32f0xx_hal_flash_ex.o
HAL_FLASHEx_OBGetUserData                         build/stm32f0xx_hal_flash_ex.o
HAL_FLASHEx_OBProgram                             build/stm32f0xx_hal_flash_ex.o
HAL_FLASH_EndOfOperationCallback                  build/stm32f0xx_hal_flash.o
HAL_FLASH_GetError                                build/stm32f0xx_hal_flash.o
HAL_FLASH_IRQHandler                              build/stm32f0xx_hal_flash.o
HAL_FLASH_Lock                                    build/stm32f0xx_hal_flash.o
HAL_FLASH_OB_Launch                               build/stm32f0xx_hal_flash.o
HAL_FLASH_OB_Lock                                 build/stm32f0xx_hal_flash.o
HAL_FLASH_OB_Unlock                               build/stm32f0xx_hal_flash.o
HAL_FLASH_OperationErrorCallback                  build/stm32f0xx_hal_flash.o
HAL_FLASH_Program                                 build/stm32f0xx_hal_flash.o
HAL_FLASH_Program_IT                              build/stm32f0xx_hal_flash.o
HAL_FLASH_Unlock                                  build/stm32f0xx_hal_flash.o
HAL_GPIO_DeInit                                   build/stm32f0xx_hal_gpio.o
                                                  build/stm32f0xx_hal_msp.o
HAL_GPIO_EXTI_Callback                            build/stm32f0xx_hal_gpio.o
HAL_GPIO_EXTI_IRQHandler                          build/stm32f0xx_hal_gpio.o
HAL_GPIO_Init                                     build/stm32f0xx_hal_gpio.o
                                                  build/stm32f0xx_hal_rcc.o
                                                  build/stm32f0xx_hal_msp.o
                                                  build/main.o
HAL_GPIO_LockPin                                  build/stm32f0xx_hal_gpio.o
HAL_GPIO_ReadPin                                  build/stm32f0xx_hal_gpio.o
HAL_GPIO_TogglePin                                build/stm32f0xx_hal_gpio.o
HAL_GPIO_WritePin                                 build/stm32f0xx_hal_gpio.o
                                                  build/device_control.o
                                                  build/main.o
HAL_GetDEVID                                      build/stm32f0xx_hal.o
HAL_GetHalVersion                                 build/stm32f0xx_hal.o
HAL_GetREVID                                      build/stm32f0xx_hal.o
HAL_GetTick                                       build/stm32f0xx_hal.o
                                                  build/stm32f0xx_hal_uart_ex.o
                                                  build/stm32f0xx_hal_uart.o
                                                  build/stm32f0xx_hal_rcc_ex.o
                                                  build/stm32f0xx_hal_rcc.o
                                                  build/stm32f0xx_hal_i2c.o
                                                  build/stm32f0xx_hal_flash.o
                                                  build/stm32f0xx_hal_dma.o
HAL_GetTickFreq                                   build/stm32f0xx_hal.o
HAL_GetTickPrio                                   build/stm32f0xx_hal.o
HAL_GetUIDw0                                      build/stm32f0xx_hal.o
HAL_GetUIDw1                                      build/stm32f0xx_hal.o
HAL_GetUIDw2                                      build/stm32f0xx_hal.o
HAL_HalfDuplex_EnableReceiver                     build/stm32f0xx_hal_uart.o
HAL_HalfDuplex_EnableTransmitter                  build/stm32f0xx_hal_uart.o
HAL_HalfDuplex_Init                               build/stm32f0xx_hal_uart.o
HAL_I2CEx_ConfigAnalogFilter                      build/stm32f0xx_hal_i2c_ex.o
HAL_I2CEx_ConfigDigitalFilter                     build/stm32f0xx_hal_i2c_ex.o
HAL_I2CEx_DisableFastModePlus                     build/stm32f0xx_hal_i2c_ex.o
HAL_I2CEx_EnableFastModePlus                      build/stm32f0xx_hal_i2c_ex.o
HAL_I2C_AbortCpltCallback                         build/stm32f0xx_hal_i2c.o
HAL_I2C_AddrCallback                              build/stm32f0xx_hal_i2c.o
HAL_I2C_DeInit                                    build/stm32f0xx_hal_i2c.o
HAL_I2C_DisableListen_IT                          build/stm32f0xx_hal_i2c.o
HAL_I2C_ER_IRQHandler                             build/stm32f0xx_hal_i2c.o
HAL_I2C_EV_IRQHandler                             build/stm32f0xx_hal_i2c.o
HAL_I2C_EnableListen_IT                           build/stm32f0xx_hal_i2c.o
HAL_I2C_ErrorCallback                             build/stm32f0xx_hal_i2c.o
HAL_I2C_GetError                                  build/stm32f0xx_hal_i2c.o
HAL_I2C_GetMode                                   build/stm32f0xx_hal_i2c.o
HAL_I2C_GetState                                  build/stm32f0xx_hal_i2c.o
HAL_I2C_Init                                      build/stm32f0xx_hal_i2c.o
HAL_I2C_IsDeviceReady                             build/stm32f0xx_hal_i2c.o
HAL_I2C_ListenCpltCallback                        build/stm32f0xx_hal_i2c.o
HAL_I2C_MasterRxCpltCallback                      build/stm32f0xx_hal_i2c.o
HAL_I2C_MasterTxCpltCallback                      build/stm32f0xx_hal_i2c.o
HAL_I2C_Master_Abort_IT                           build/stm32f0xx_hal_i2c.o
HAL_I2C_Master_Receive                            build/stm32f0xx_hal_i2c.o
HAL_I2C_Master_Receive_DMA                        build/stm32f0xx_hal_i2c.o
HAL_I2C_Master_Receive_IT                         build/stm32f0xx_hal_i2c.o
HAL_I2C_Master_Seq_Receive_DMA                    build/stm32f0xx_hal_i2c.o
HAL_I2C_Master_Seq_Receive_IT                     build/stm32f0xx_hal_i2c.o
HAL_I2C_Master_Seq_Transmit_DMA                   build/stm32f0xx_hal_i2c.o
HAL_I2C_Master_Seq_Transmit_IT                    build/stm32f0xx_hal_i2c.o
HAL_I2C_Master_Transmit                           build/stm32f0xx_hal_i2c.o
HAL_I2C_Master_Transmit_DMA                       build/stm32f0xx_hal_i2c.o
HAL_I2C_Master_Transmit_IT                        build/stm32f0xx_hal_i2c.o
HAL_I2C_MemRxCpltCallback                         build/stm32f0xx_hal_i2c.o
HAL_I2C_MemTxCpltCallback                         build/stm32f0xx_hal_i2c.o
HAL_I2C_Mem_Read                                  build/stm32f0xx_hal_i2c.o
HAL_I2C_Mem_Read_DMA                              build/stm32f0xx_hal_i2c.o
HAL_I2C_Mem_Read_IT                               build/stm32f0xx_hal_i2c.o
HAL_I2C_Mem_Write                                 build/stm32f0xx_hal_i2c.o
HAL_I2C_Mem_Write_DMA                             build/stm32f0xx_hal_i2c.o
HAL_I2C_Mem_Write_IT                              build/stm32f0xx_hal_i2c.o
HAL_I2C_MspDeInit                                 build/stm32f0xx_hal_i2c.o
HAL_I2C_MspInit                                   build/stm32f0xx_hal_i2c.o
HAL_I2C_SlaveRxCpltCallback                       build/stm32f0xx_hal_i2c.o
HAL_I2C_SlaveTxCpltCallback                       build/stm32f0xx_hal_i2c.o
HAL_I2C_Slave_Receive                             build/stm32f0xx_hal_i2c.o
HAL_I2C_Slave_Receive_DMA                         build/stm32f0xx_hal_i2c.o
HAL_I2C_Slave_Receive_IT                          build/stm32f0xx_hal_i2c.o
HAL_I2C_Slave_Seq_Receive_DMA                     build/stm32f0xx_hal_i2c.o
HAL_I2C_Slave_Seq_Receive_IT                      build/stm32f0xx_hal_i2c.o
HAL_I2C_Slave_Seq_Transmit_DMA                    build/stm32f0xx_hal_i2c.o
HAL_I2C_Slave_Seq_Transmit_IT                     build/stm32f0xx_hal_i2c.o
HAL_I2C_Slave_Transmit                            build/stm32f0xx_hal_i2c.o
HAL_I2C_Slave_Transmit_DMA                        build/stm32f0xx_hal_i2c.o
HAL_I2C_Slave_Transmit_IT                         build/stm32f0xx_hal_i2c.o
HAL_IncTick                                       build/stm32f0xx_hal.o
                                                  build/stm32f0xx_it.o
HAL_Init                                          build/stm32f0xx_hal.o
                                                  build/main.o
HAL_InitTick                                      build/stm32f0xx_hal.o
                                                  build/stm32f0xx_hal_rcc.o
HAL_MspDeInit                                     build/stm32f0xx_hal.o
HAL_MspInit                                       build/stm32f0xx_hal_msp.o
HAL_MultiProcessorEx_AddressLength_Set            build/stm32f0xx_hal_uart_ex.o
HAL_MultiProcessor_DisableMuteMode                build/stm32f0xx_hal_uart.o
HAL_MultiProcessor_EnableMuteMode                 build/stm32f0xx_hal_uart.o
HAL_MultiProcessor_EnterMuteMode                  build/stm32f0xx_hal_uart.o
HAL_MultiProcessor_Init                           build/stm32f0xx_hal_uart.o
HAL_NVIC_ClearPendingIRQ                          build/stm32f0xx_hal_cortex.o
HAL_NVIC_DisableIRQ                               build/stm32f0xx_hal_cortex.o
                                                  build/stm32f0xx_hal_msp.o
HAL_NVIC_EnableIRQ                                build/stm32f0xx_hal_cortex.o
                                                  build/stm32f0xx_hal_msp.o
                                                  build/main.o
HAL_NVIC_GetPendingIRQ                            build/stm32f0xx_hal_cortex.o
HAL_NVIC_GetPriority                              build/stm32f0xx_hal_cortex.o
HAL_NVIC_SetPendingIRQ                            build/stm32f0xx_hal_cortex.o
HAL_NVIC_SetPriority                              build/stm32f0xx_hal_cortex.o
                                                  build/stm32f0xx_hal.o
                                                  build/stm32f0xx_hal_msp.o
                                                  build/main.o
HAL_NVIC_SystemReset                              build/stm32f0xx_hal_cortex.o
HAL_PWR_DeInit                                    build/stm32f0xx_hal_pwr.o
HAL_PWR_DisableBkUpAccess                         build/stm32f0xx_hal_pwr.o
HAL_PWR_DisableSEVOnPend                          build/stm32f0xx_hal_pwr.o
HAL_PWR_DisableSleepOnExit                        build/stm32f0xx_hal_pwr.o
HAL_PWR_DisableWakeUpPin                          build/stm32f0xx_hal_pwr.o
HAL_PWR_EnableBkUpAccess                          build/stm32f0xx_hal_pwr.o
HAL_PWR_EnableSEVOnPend                           build/stm32f0xx_hal_pwr.o
HAL_PWR_EnableSleepOnExit                         build/stm32f0xx_hal_pwr.o
HAL_PWR_EnableWakeUpPin                           build/stm32f0xx_hal_pwr.o
HAL_PWR_EnterSLEEPMode                            build/stm32f0xx_hal_pwr.o
HAL_PWR_EnterSTANDBYMode                          build/stm32f0xx_hal_pwr.o
HAL_PWR_EnterSTOPMode                             build/stm32f0xx_hal_pwr.o
HAL_RCCEx_GetPeriphCLKConfig                      build/stm32f0xx_hal_rcc_ex.o
HAL_RCCEx_GetPeriphCLKFreq                        build/stm32f0xx_hal_rcc_ex.o
HAL_RCCEx_PeriphCLKConfig                         build/stm32f0xx_hal_rcc_ex.o
                                                  build/main.o
HAL_RCC_CSSCallback                               build/stm32f0xx_hal_rcc.o
HAL_RCC_ClockConfig                               build/stm32f0xx_hal_rcc.o
                                                  build/main.o
HAL_RCC_DeInit                                    build/stm32f0xx_hal_rcc.o
HAL_RCC_DisableCSS                                build/stm32f0xx_hal_rcc.o
HAL_RCC_EnableCSS                                 build/stm32f0xx_hal_rcc.o
HAL_RCC_GetClockConfig                            build/stm32f0xx_hal_rcc.o
HAL_RCC_GetHCLKFreq                               build/stm32f0xx_hal_rcc.o
HAL_RCC_GetOscConfig                              build/stm32f0xx_hal_rcc.o
HAL_RCC_GetPCLK1Freq                              build/stm32f0xx_hal_rcc.o
                                                  build/stm32f0xx_hal_uart.o
                                                  build/stm32f0xx_hal_rcc_ex.o
HAL_RCC_GetSysClockFreq                           build/stm32f0xx_hal_rcc.o
                                                  build/stm32f0xx_hal_uart.o
                                                  build/stm32f0xx_hal_rcc_ex.o
HAL_RCC_MCOConfig                                 build/stm32f0xx_hal_rcc.o
HAL_RCC_NMI_IRQHandler                            build/stm32f0xx_hal_rcc.o
HAL_RCC_OscConfig                                 build/stm32f0xx_hal_rcc.o
                                                  build/main.o
HAL_RS485Ex_Init                                  build/stm32f0xx_hal_uart_ex.o
HAL_ResumeTick                                    build/stm32f0xx_hal.o
HAL_SYSTICK_CLKSourceConfig                       build/stm32f0xx_hal_cortex.o
HAL_SYSTICK_Callback                              build/stm32f0xx_hal_cortex.o
HAL_SYSTICK_Config                                build/stm32f0xx_hal_cortex.o
                                                  build/stm32f0xx_hal.o
HAL_SYSTICK_IRQHandler                            build/stm32f0xx_hal_cortex.o
HAL_SetTickFreq                                   build/stm32f0xx_hal.o
HAL_SuspendTick                                   build/stm32f0xx_hal.o
HAL_UARTEx_GetRxEventType                         build/stm32f0xx_hal_uart_ex.o
HAL_UARTEx_ReceiveToIdle                          build/stm32f0xx_hal_uart_ex.o
HAL_UARTEx_ReceiveToIdle_DMA                      build/stm32f0xx_hal_uart_ex.o
                                                  build/main.o
HAL_UARTEx_ReceiveToIdle_IT                       build/stm32f0xx_hal_uart_ex.o
HAL_UARTEx_RxEventCallback                        build/stm32f0xx_hal_uart.o
HAL_UART_Abort                                    build/stm32f0xx_hal_uart.o
HAL_UART_AbortCpltCallback                        build/stm32f0xx_hal_uart.o
HAL_UART_AbortReceive                             build/stm32f0xx_hal_uart.o
HAL_UART_AbortReceiveCpltCallback                 build/stm32f0xx_hal_uart.o
HAL_UART_AbortReceive_IT                          build/stm32f0xx_hal_uart.o
HAL_UART_AbortTransmit                            build/stm32f0xx_hal_uart.o
HAL_UART_AbortTransmitCpltCallback                build/stm32f0xx_hal_uart.o
HAL_UART_AbortTransmit_IT                         build/stm32f0xx_hal_uart.o
HAL_UART_Abort_IT                                 build/stm32f0xx_hal_uart.o
HAL_UART_DMAPause                                 build/stm32f0xx_hal_uart.o
HAL_UART_DMAResume                                build/stm32f0xx_hal_uart.o
HAL_UART_DMAStop                                  build/stm32f0xx_hal_uart.o
HAL_UART_DeInit                                   build/stm32f0xx_hal_uart.o
HAL_UART_DisableReceiverTimeout                   build/stm32f0xx_hal_uart.o
HAL_UART_EnableReceiverTimeout                    build/stm32f0xx_hal_uart.o
HAL_UART_ErrorCallback                            build/stm32f0xx_hal_uart.o
HAL_UART_GetError                                 build/stm32f0xx_hal_uart.o
HAL_UART_GetState                                 build/stm32f0xx_hal_uart.o
HAL_UART_IRQHandler                               build/stm32f0xx_hal_uart.o
                                                  build/stm32f0xx_it.o
HAL_UART_Init                                     build/stm32f0xx_hal_uart.o
                                                  build/main.o
HAL_UART_MspDeInit                                build/stm32f0xx_hal_msp.o
HAL_UART_MspInit                                  build/stm32f0xx_hal_msp.o
                                                  build/stm32f0xx_hal_uart_ex.o
HAL_UART_Receive                                  build/stm32f0xx_hal_uart.o
HAL_UART_Receive_DMA                              build/stm32f0xx_hal_uart.o
HAL_UART_Receive_IT                               build/stm32f0xx_hal_uart.o
HAL_UART_ReceiverTimeout_Config                   build/stm32f0xx_hal_uart.o
HAL_UART_RxCpltCallback                           build/stm32f0xx_hal_uart.o
HAL_UART_RxHalfCpltCallback                       build/stm32f0xx_hal_uart.o
HAL_UART_Transmit                                 build/stm32f0xx_hal_uart.o
                                                  build/device_control.o
                                                  build/main.o
HAL_UART_Transmit_DMA                             build/stm32f0xx_hal_uart.o
HAL_UART_Transmit_IT                              build/stm32f0xx_hal_uart.o
HAL_UART_TxCpltCallback                           build/stm32f0xx_hal_uart.o
HAL_UART_TxHalfCpltCallback                       build/stm32f0xx_hal_uart.o
HardFault_Handler                                 build/stm32f0xx_it.o
I2C1_IRQHandler                                   build/startup_stm32f030x8.o
I2C2_IRQHandler                                   build/startup_stm32f030x8.o
NMI_Handler                                       build/stm32f0xx_it.o
PendSV_Handler                                    build/stm32f0xx_it.o
RCC_IRQHandler                                    build/startup_stm32f030x8.o
RTC_IRQHandler                                    build/startup_stm32f030x8.o
Reset_Handler                                     build/startup_stm32f030x8.o
SPI1_IRQHandler                                   build/startup_stm32f030x8.o
SPI2_IRQHandler                                   build/startup_stm32f030x8.o
SVC_Handler                                       build/stm32f0xx_it.o
SysTick_Handler                                   build/stm32f0xx_it.o
SystemClock_Config                                build/main.o
SystemCoreClock                                   build/system_stm32f0xx.o
                                                  build/stm32f0xx_hal_rcc.o
                                                  build/stm32f0xx_hal.o
SystemCoreClockUpdate                             build/system_stm32f0xx.o
SystemInit                                        build/system_stm32f0xx.o
                                                  build/startup_stm32f030x8.o
TIM14_IRQHandler                                  build/startup_stm32f030x8.o
TIM15_IRQHandler                                  build/startup_stm32f030x8.o
TIM16_IRQHandler                                  build/startup_stm32f030x8.o
TIM17_IRQHandler                                  build/startup_stm32f030x8.o
TIM1_BRK_UP_TRG_COM_IRQHandler                    build/startup_stm32f030x8.o
TIM1_CC_IRQHandler                                build/startup_stm32f030x8.o
TIM3_IRQHandler                                   build/startup_stm32f030x8.o
TIM6_IRQHandler                                   build/startup_stm32f030x8.o
UART_AdvFeatureConfig                             build/stm32f0xx_hal_uart.o
                                                  build/stm32f0xx_hal_uart_ex.o
UART_CheckIdleState                               build/stm32f0xx_hal_uart.o
                                                  build/stm32f0xx_hal_uart_ex.o
UART_SetConfig                                    build/stm32f0xx_hal_uart.o
                                                  build/stm32f0xx_hal_uart_ex.o
UART_Start_Receive_DMA                            build/stm32f0xx_hal_uart.o
                                                  build/stm32f0xx_hal_uart_ex.o
UART_Start_Receive_IT                             build/stm32f0xx_hal_uart.o
                                                  build/stm32f0xx_hal_uart_ex.o
UART_WaitOnFlagUntilTimeout                       build/stm32f0xx_hal_uart.o
USART1_IRQHandler                                 build/stm32f0xx_it.o
USART2_IRQHandler                                 build/startup_stm32f030x8.o
WWDG_IRQHandler                                   build/startup_stm32f030x8.o
_ITM_deregisterTMCloneTable                       D:/ARMTOOLCHAINCMAKE/ARM-GNU-TOOLCHAIN-13.3.REL1/BIN/../lib/gcc/arm-none-eabi/13.3.1/thumb/v6-m/nofp/crtbegin.o
_ITM_registerTMCloneTable                         D:/ARMTOOLCHAINCMAKE/ARM-GNU-TOOLCHAIN-13.3.REL1/BIN/../lib/gcc/arm-none-eabi/13.3.1/thumb/v6-m/nofp/crtbegin.o
_Min_Stack_Size                                   build/sysmem.o
__TMC_END__                                       D:/ARMTOOLCHAINCMAKE/ARM-GNU-TOOLCHAIN-13.3.REL1/BIN/../lib/gcc/arm-none-eabi/13.3.1/thumb/v6-m/nofp/crtend.o
                                                  D:/ARMTOOLCHAINCMAKE/ARM-GNU-TOOLCHAIN-13.3.REL1/BIN/../lib/gcc/arm-none-eabi/13.3.1/thumb/v6-m/nofp/crtbegin.o
__aeabi_idiv0                                     D:/ARMTOOLCHAINCMAKE/ARM-GNU-TOOLCHAIN-13.3.REL1/BIN/../lib/gcc/arm-none-eabi/13.3.1/thumb/v6-m/nofp\libgcc.a(_dvmd_tls.o)
                                                  D:/ARMTOOLCHAINCMAKE/ARM-GNU-TOOLCHAIN-13.3.REL1/BIN/../lib/gcc/arm-none-eabi/13.3.1/thumb/v6-m/nofp\libgcc.a(_udivsi3.o)
__aeabi_ldiv0                                     D:/ARMTOOLCHAINCMAKE/ARM-GNU-TOOLCHAIN-13.3.REL1/BIN/../lib/gcc/arm-none-eabi/13.3.1/thumb/v6-m/nofp\libgcc.a(_dvmd_tls.o)
__aeabi_uidiv                                     D:/ARMTOOLCHAINCMAKE/ARM-GNU-TOOLCHAIN-13.3.REL1/BIN/../lib/gcc/arm-none-eabi/13.3.1/thumb/v6-m/nofp\libgcc.a(_udivsi3.o)
                                                  build/stm32f0xx_hal_uart.o
                                                  build/stm32f0xx_hal_rcc.o
                                                  build/stm32f0xx_hal_dma.o
                                                  build/stm32f0xx_hal.o
                                                  build/system_stm32f0xx.o
__aeabi_uidivmod                                  D:/ARMTOOLCHAINCMAKE/ARM-GNU-TOOLCHAIN-13.3.REL1/BIN/../lib/gcc/arm-none-eabi/13.3.1/thumb/v6-m/nofp\libgcc.a(_udivsi3.o)
                                                  D:/ARMTOOLCHAINCMAKE/ARM-GNU-TOOLCHAIN-13.3.REL1/BIN/../lib/gcc/arm-none-eabi/13.3.1/thumb/v6-m/nofp\libc_nano.a(libc_a-nano-vfprintf_i.o)
__bss_end__                                       D:/ARMTOOLCHAINCMAKE/ARM-GNU-TOOLCHAIN-13.3.REL1/BIN/../lib/gcc/arm-none-eabi/13.3.1/thumb/v6-m/nofp/crt0.o
__bss_start__                                     D:/ARMTOOLCHAINCMAKE/ARM-GNU-TOOLCHAIN-13.3.REL1/BIN/../lib/gcc/arm-none-eabi/13.3.1/thumb/v6-m/nofp/crt0.o
__call_exitprocs                                  D:/ARMTOOLCHAINCMAKE/ARM-GNU-TOOLCHAIN-13.3.REL1/BIN/../lib/gcc/arm-none-eabi/13.3.1/thumb/v6-m/nofp\libc_nano.a(libc_a-exit.o)
__deregister_frame_info                           D:/ARMTOOLCHAINCMAKE/ARM-GNU-TOOLCHAIN-13.3.REL1/BIN/../lib/gcc/arm-none-eabi/13.3.1/thumb/v6-m/nofp/crtbegin.o
__dso_handle                                      D:/ARMTOOLCHAINCMAKE/ARM-GNU-TOOLCHAIN-13.3.REL1/BIN/../lib/gcc/arm-none-eabi/13.3.1/thumb/v6-m/nofp/crtbegin.o
__env                                             build/syscalls.o
__errno                                           D:/ARMTOOLCHAINCMAKE/ARM-GNU-TOOLCHAIN-13.3.REL1/BIN/../lib/gcc/arm-none-eabi/13.3.1/thumb/v6-m/nofp\libc_nano.a(libc_a-errno.o)
                                                  build/sysmem.o
                                                  build/syscalls.o
__fp_lock_all                                     D:/ARMTOOLCHAINCMAKE/ARM-GNU-TOOLCHAIN-13.3.REL1/BIN/../lib/gcc/arm-none-eabi/13.3.1/thumb/v6-m/nofp\libc_nano.a(libc_a-findfp.o)
__fp_unlock_all                                   D:/ARMTOOLCHAINCMAKE/ARM-GNU-TOOLCHAIN-13.3.REL1/BIN/../lib/gcc/arm-none-eabi/13.3.1/thumb/v6-m/nofp\libc_nano.a(libc_a-findfp.o)
__gnu_thumb1_case_shi                             D:/ARMTOOLCHAINCMAKE/ARM-GNU-TOOLCHAIN-13.3.REL1/BIN/../lib/gcc/arm-none-eabi/13.3.1/thumb/v6-m/nofp\libgcc.a(_thumb1_case_shi.o)
                                                  D:/ARMTOOLCHAINCMAKE/ARM-GNU-TOOLCHAIN-13.3.REL1/BIN/../lib/gcc/arm-none-eabi/13.3.1/thumb/v6-m/nofp\libc_nano.a(libc_a-nano-vfprintf_i.o)
__init_array_end                                  D:/ARMTOOLCHAINCMAKE/ARM-GNU-TOOLCHAIN-13.3.REL1/BIN/../lib/gcc/arm-none-eabi/13.3.1/thumb/v6-m/nofp\libc_nano.a(libc_a-init.o)
__init_array_start                                D:/ARMTOOLCHAINCMAKE/ARM-GNU-TOOLCHAIN-13.3.REL1/BIN/../lib/gcc/arm-none-eabi/13.3.1/thumb/v6-m/nofp\libc_nano.a(libc_a-init.o)
__io_getchar                                      build/syscalls.o
__io_putchar                                      build/syscalls.o
__libc_fini_array                                 D:/ARMTOOLCHAINCMAKE/ARM-GNU-TOOLCHAIN-13.3.REL1/BIN/../lib/gcc/arm-none-eabi/13.3.1/thumb/v6-m/nofp/crt0.o
__libc_init_array                                 D:/ARMTOOLCHAINCMAKE/ARM-GNU-TOOLCHAIN-13.3.REL1/BIN/../lib/gcc/arm-none-eabi/13.3.1/thumb/v6-m/nofp\libc_nano.a(libc_a-init.o)
                                                  build/startup_stm32f030x8.o
                                                  D:/ARMTOOLCHAINCMAKE/ARM-GNU-TOOLCHAIN-13.3.REL1/BIN/../lib/gcc/arm-none-eabi/13.3.1/thumb/v6-m/nofp/crt0.o
__lock___arc4random_mutex                         D:/ARMTOOLCHAINCMAKE/ARM-GNU-TOOLCHAIN-13.3.REL1/BIN/../lib/gcc/arm-none-eabi/13.3.1/thumb/v6-m/nofp\libc_nano.a(libc_a-lock.o)
__lock___at_quick_exit_mutex                      D:/ARMTOOLCHAINCMAKE/ARM-GNU-TOOLCHAIN-13.3.REL1/BIN/../lib/gcc/arm-none-eabi/13.3.1/thumb/v6-m/nofp\libc_nano.a(libc_a-lock.o)
__lock___atexit_recursive_mutex                   D:/ARMTOOLCHAINCMAKE/ARM-GNU-TOOLCHAIN-13.3.REL1/BIN/../lib/gcc/arm-none-eabi/13.3.1/thumb/v6-m/nofp\libc_nano.a(libc_a-lock.o)
__lock___dd_hash_mutex                            D:/ARMTOOLCHAINCMAKE/ARM-GNU-TOOLCHAIN-13.3.REL1/BIN/../lib/gcc/arm-none-eabi/13.3.1/thumb/v6-m/nofp\libc_nano.a(libc_a-lock.o)
__lock___env_recursive_mutex                      D:/ARMTOOLCHAINCMAKE/ARM-GNU-TOOLCHAIN-13.3.REL1/BIN/../lib/gcc/arm-none-eabi/13.3.1/thumb/v6-m/nofp\libc_nano.a(libc_a-lock.o)
__lock___malloc_recursive_mutex                   D:/ARMTOOLCHAINCMAKE/ARM-GNU-TOOLCHAIN-13.3.REL1/BIN/../lib/gcc/arm-none-eabi/13.3.1/thumb/v6-m/nofp\libc_nano.a(libc_a-lock.o)
                                                  D:/ARMTOOLCHAINCMAKE/ARM-GNU-TOOLCHAIN-13.3.REL1/BIN/../lib/gcc/arm-none-eabi/13.3.1/thumb/v6-m/nofp\libc_nano.a(libc_a-mlock.o)
__lock___sfp_recursive_mutex                      D:/ARMTOOLCHAINCMAKE/ARM-GNU-TOOLCHAIN-13.3.REL1/BIN/../lib/gcc/arm-none-eabi/13.3.1/thumb/v6-m/nofp\libc_nano.a(libc_a-lock.o)
                                                  D:/ARMTOOLCHAINCMAKE/ARM-GNU-TOOLCHAIN-13.3.REL1/BIN/../lib/gcc/arm-none-eabi/13.3.1/thumb/v6-m/nofp\libc_nano.a(libc_a-findfp.o)
__lock___tz_mutex                                 D:/ARMTOOLCHAINCMAKE/ARM-GNU-TOOLCHAIN-13.3.REL1/BIN/../lib/gcc/arm-none-eabi/13.3.1/thumb/v6-m/nofp\libc_nano.a(libc_a-lock.o)
__malloc_free_list                                D:/ARMTOOLCHAINCMAKE/ARM-GNU-TOOLCHAIN-13.3.REL1/BIN/../lib/gcc/arm-none-eabi/13.3.1/thumb/v6-m/nofp\libc_nano.a(libc_a-mallocr.o)
                                                  D:/ARMTOOLCHAINCMAKE/ARM-GNU-TOOLCHAIN-13.3.REL1/BIN/../lib/gcc/arm-none-eabi/13.3.1/thumb/v6-m/nofp\libc_nano.a(libc_a-freer.o)
__malloc_lock                                     D:/ARMTOOLCHAINCMAKE/ARM-GNU-TOOLCHAIN-13.3.REL1/BIN/../lib/gcc/arm-none-eabi/13.3.1/thumb/v6-m/nofp\libc_nano.a(libc_a-mlock.o)
                                                  D:/ARMTOOLCHAINCMAKE/ARM-GNU-TOOLCHAIN-13.3.REL1/BIN/../lib/gcc/arm-none-eabi/13.3.1/thumb/v6-m/nofp\libc_nano.a(libc_a-mallocr.o)
                                                  D:/ARMTOOLCHAINCMAKE/ARM-GNU-TOOLCHAIN-13.3.REL1/BIN/../lib/gcc/arm-none-eabi/13.3.1/thumb/v6-m/nofp\libc_nano.a(libc_a-freer.o)
__malloc_sbrk_start                               D:/ARMTOOLCHAINCMAKE/ARM-GNU-TOOLCHAIN-13.3.REL1/BIN/../lib/gcc/arm-none-eabi/13.3.1/thumb/v6-m/nofp\libc_nano.a(libc_a-mallocr.o)
__malloc_unlock                                   D:/ARMTOOLCHAINCMAKE/ARM-GNU-TOOLCHAIN-13.3.REL1/BIN/../lib/gcc/arm-none-eabi/13.3.1/thumb/v6-m/nofp\libc_nano.a(libc_a-mlock.o)
                                                  D:/ARMTOOLCHAINCMAKE/ARM-GNU-TOOLCHAIN-13.3.REL1/BIN/../lib/gcc/arm-none-eabi/13.3.1/thumb/v6-m/nofp\libc_nano.a(libc_a-mallocr.o)
                                                  D:/ARMTOOLCHAINCMAKE/ARM-GNU-TOOLCHAIN-13.3.REL1/BIN/../lib/gcc/arm-none-eabi/13.3.1/thumb/v6-m/nofp\libc_nano.a(libc_a-freer.o)
__preinit_array_end                               D:/ARMTOOLCHAINCMAKE/ARM-GNU-TOOLCHAIN-13.3.REL1/BIN/../lib/gcc/arm-none-eabi/13.3.1/thumb/v6-m/nofp\libc_nano.a(libc_a-init.o)
__preinit_array_start                             D:/ARMTOOLCHAINCMAKE/ARM-GNU-TOOLCHAIN-13.3.REL1/BIN/../lib/gcc/arm-none-eabi/13.3.1/thumb/v6-m/nofp\libc_nano.a(libc_a-init.o)
__register_frame_info                             D:/ARMTOOLCHAINCMAKE/ARM-GNU-TOOLCHAIN-13.3.REL1/BIN/../lib/gcc/arm-none-eabi/13.3.1/thumb/v6-m/nofp/crtbegin.o
__retarget_lock_acquire                           D:/ARMTOOLCHAINCMAKE/ARM-GNU-TOOLCHAIN-13.3.REL1/BIN/../lib/gcc/arm-none-eabi/13.3.1/thumb/v6-m/nofp\libc_nano.a(libc_a-lock.o)
__retarget_lock_acquire_recursive                 D:/ARMTOOLCHAINCMAKE/ARM-GNU-TOOLCHAIN-13.3.REL1/BIN/../lib/gcc/arm-none-eabi/13.3.1/thumb/v6-m/nofp\libc_nano.a(libc_a-lock.o)
                                                  D:/ARMTOOLCHAINCMAKE/ARM-GNU-TOOLCHAIN-13.3.REL1/BIN/../lib/gcc/arm-none-eabi/13.3.1/thumb/v6-m/nofp\libc_nano.a(libc_a-fflush.o)
                                                  D:/ARMTOOLCHAINCMAKE/ARM-GNU-TOOLCHAIN-13.3.REL1/BIN/../lib/gcc/arm-none-eabi/13.3.1/thumb/v6-m/nofp\libc_nano.a(libc_a-mlock.o)
                                                  D:/ARMTOOLCHAINCMAKE/ARM-GNU-TOOLCHAIN-13.3.REL1/BIN/../lib/gcc/arm-none-eabi/13.3.1/thumb/v6-m/nofp\libc_nano.a(libc_a-findfp.o)
__retarget_lock_close                             D:/ARMTOOLCHAINCMAKE/ARM-GNU-TOOLCHAIN-13.3.REL1/BIN/../lib/gcc/arm-none-eabi/13.3.1/thumb/v6-m/nofp\libc_nano.a(libc_a-lock.o)
__retarget_lock_close_recursive                   D:/ARMTOOLCHAINCMAKE/ARM-GNU-TOOLCHAIN-13.3.REL1/BIN/../lib/gcc/arm-none-eabi/13.3.1/thumb/v6-m/nofp\libc_nano.a(libc_a-lock.o)
__retarget_lock_init                              D:/ARMTOOLCHAINCMAKE/ARM-GNU-TOOLCHAIN-13.3.REL1/BIN/../lib/gcc/arm-none-eabi/13.3.1/thumb/v6-m/nofp\libc_nano.a(libc_a-lock.o)
__retarget_lock_init_recursive                    D:/ARMTOOLCHAINCMAKE/ARM-GNU-TOOLCHAIN-13.3.REL1/BIN/../lib/gcc/arm-none-eabi/13.3.1/thumb/v6-m/nofp\libc_nano.a(libc_a-lock.o)
                                                  D:/ARMTOOLCHAINCMAKE/ARM-GNU-TOOLCHAIN-13.3.REL1/BIN/../lib/gcc/arm-none-eabi/13.3.1/thumb/v6-m/nofp\libc_nano.a(libc_a-findfp.o)
__retarget_lock_release                           D:/ARMTOOLCHAINCMAKE/ARM-GNU-TOOLCHAIN-13.3.REL1/BIN/../lib/gcc/arm-none-eabi/13.3.1/thumb/v6-m/nofp\libc_nano.a(libc_a-lock.o)
__retarget_lock_release_recursive                 D:/ARMTOOLCHAINCMAKE/ARM-GNU-TOOLCHAIN-13.3.REL1/BIN/../lib/gcc/arm-none-eabi/13.3.1/thumb/v6-m/nofp\libc_nano.a(libc_a-lock.o)
                                                  D:/ARMTOOLCHAINCMAKE/ARM-GNU-TOOLCHAIN-13.3.REL1/BIN/../lib/gcc/arm-none-eabi/13.3.1/thumb/v6-m/nofp\libc_nano.a(libc_a-fflush.o)
                                                  D:/ARMTOOLCHAINCMAKE/ARM-GNU-TOOLCHAIN-13.3.REL1/BIN/../lib/gcc/arm-none-eabi/13.3.1/thumb/v6-m/nofp\libc_nano.a(libc_a-mlock.o)
                                                  D:/ARMTOOLCHAINCMAKE/ARM-GNU-TOOLCHAIN-13.3.REL1/BIN/../lib/gcc/arm-none-eabi/13.3.1/thumb/v6-m/nofp\libc_nano.a(libc_a-findfp.o)
__retarget_lock_try_acquire                       D:/ARMTOOLCHAINCMAKE/ARM-GNU-TOOLCHAIN-13.3.REL1/BIN/../lib/gcc/arm-none-eabi/13.3.1/thumb/v6-m/nofp\libc_nano.a(libc_a-lock.o)
__retarget_lock_try_acquire_recursive             D:/ARMTOOLCHAINCMAKE/ARM-GNU-TOOLCHAIN-13.3.REL1/BIN/../lib/gcc/arm-none-eabi/13.3.1/thumb/v6-m/nofp\libc_nano.a(libc_a-lock.o)
__sclose                                          D:/ARMTOOLCHAINCMAKE/ARM-GNU-TOOLCHAIN-13.3.REL1/BIN/../lib/gcc/arm-none-eabi/13.3.1/thumb/v6-m/nofp\libc_nano.a(libc_a-stdio.o)
                                                  D:/ARMTOOLCHAINCMAKE/ARM-GNU-TOOLCHAIN-13.3.REL1/BIN/../lib/gcc/arm-none-eabi/13.3.1/thumb/v6-m/nofp\libc_nano.a(libc_a-findfp.o)
__seofread                                        D:/ARMTOOLCHAINCMAKE/ARM-GNU-TOOLCHAIN-13.3.REL1/BIN/../lib/gcc/arm-none-eabi/13.3.1/thumb/v6-m/nofp\libc_nano.a(libc_a-stdio.o)
__sf                                              D:/ARMTOOLCHAINCMAKE/ARM-GNU-TOOLCHAIN-13.3.REL1/BIN/../lib/gcc/arm-none-eabi/13.3.1/thumb/v6-m/nofp\libc_nano.a(libc_a-findfp.o)
                                                  D:/ARMTOOLCHAINCMAKE/ARM-GNU-TOOLCHAIN-13.3.REL1/BIN/../lib/gcc/arm-none-eabi/13.3.1/thumb/v6-m/nofp\libc_nano.a(libc_a-impure.o)
__sflush_r                                        D:/ARMTOOLCHAINCMAKE/ARM-GNU-TOOLCHAIN-13.3.REL1/BIN/../lib/gcc/arm-none-eabi/13.3.1/thumb/v6-m/nofp\libc_nano.a(libc_a-fflush.o)
__sfp                                             D:/ARMTOOLCHAINCMAKE/ARM-GNU-TOOLCHAIN-13.3.REL1/BIN/../lib/gcc/arm-none-eabi/13.3.1/thumb/v6-m/nofp\libc_nano.a(libc_a-findfp.o)
__sfp_lock_acquire                                D:/ARMTOOLCHAINCMAKE/ARM-GNU-TOOLCHAIN-13.3.REL1/BIN/../lib/gcc/arm-none-eabi/13.3.1/thumb/v6-m/nofp\libc_nano.a(libc_a-findfp.o)
__sfp_lock_release                                D:/ARMTOOLCHAINCMAKE/ARM-GNU-TOOLCHAIN-13.3.REL1/BIN/../lib/gcc/arm-none-eabi/13.3.1/thumb/v6-m/nofp\libc_nano.a(libc_a-findfp.o)
__sglue                                           D:/ARMTOOLCHAINCMAKE/ARM-GNU-TOOLCHAIN-13.3.REL1/BIN/../lib/gcc/arm-none-eabi/13.3.1/thumb/v6-m/nofp\libc_nano.a(libc_a-findfp.o)
                                                  D:/ARMTOOLCHAINCMAKE/ARM-GNU-TOOLCHAIN-13.3.REL1/BIN/../lib/gcc/arm-none-eabi/13.3.1/thumb/v6-m/nofp\libc_nano.a(libc_a-fflush.o)
__sinit                                           D:/ARMTOOLCHAINCMAKE/ARM-GNU-TOOLCHAIN-13.3.REL1/BIN/../lib/gcc/arm-none-eabi/13.3.1/thumb/v6-m/nofp\libc_nano.a(libc_a-findfp.o)
                                                  D:/ARMTOOLCHAINCMAKE/ARM-GNU-TOOLCHAIN-13.3.REL1/BIN/../lib/gcc/arm-none-eabi/13.3.1/thumb/v6-m/nofp\libc_nano.a(libc_a-fflush.o)
__sread                                           D:/ARMTOOLCHAINCMAKE/ARM-GNU-TOOLCHAIN-13.3.REL1/BIN/../lib/gcc/arm-none-eabi/13.3.1/thumb/v6-m/nofp\libc_nano.a(libc_a-stdio.o)
                                                  D:/ARMTOOLCHAINCMAKE/ARM-GNU-TOOLCHAIN-13.3.REL1/BIN/../lib/gcc/arm-none-eabi/13.3.1/thumb/v6-m/nofp\libc_nano.a(libc_a-findfp.o)
__sseek                                           D:/ARMTOOLCHAINCMAKE/ARM-GNU-TOOLCHAIN-13.3.REL1/BIN/../lib/gcc/arm-none-eabi/13.3.1/thumb/v6-m/nofp\libc_nano.a(libc_a-stdio.o)
                                                  D:/ARMTOOLCHAINCMAKE/ARM-GNU-TOOLCHAIN-13.3.REL1/BIN/../lib/gcc/arm-none-eabi/13.3.1/thumb/v6-m/nofp\libc_nano.a(libc_a-findfp.o)
__ssprint_r                                       D:/ARMTOOLCHAINCMAKE/ARM-GNU-TOOLCHAIN-13.3.REL1/BIN/../lib/gcc/arm-none-eabi/13.3.1/thumb/v6-m/nofp\libc_nano.a(libc_a-nano-svfprintf.o)
__ssputs_r                                        D:/ARMTOOLCHAINCMAKE/ARM-GNU-TOOLCHAIN-13.3.REL1/BIN/../lib/gcc/arm-none-eabi/13.3.1/thumb/v6-m/nofp\libc_nano.a(libc_a-nano-svfprintf.o)
__stack                                           D:/ARMTOOLCHAINCMAKE/ARM-GNU-TOOLCHAIN-13.3.REL1/BIN/../lib/gcc/arm-none-eabi/13.3.1/thumb/v6-m/nofp/crt0.o
__stdio_exit_handler                              D:/ARMTOOLCHAINCMAKE/ARM-GNU-TOOLCHAIN-13.3.REL1/BIN/../lib/gcc/arm-none-eabi/13.3.1/thumb/v6-m/nofp\libc_nano.a(libc_a-findfp.o)
                                                  D:/ARMTOOLCHAINCMAKE/ARM-GNU-TOOLCHAIN-13.3.REL1/BIN/../lib/gcc/arm-none-eabi/13.3.1/thumb/v6-m/nofp\libc_nano.a(libc_a-exit.o)
__swrite                                          D:/ARMTOOLCHAINCMAKE/ARM-GNU-TOOLCHAIN-13.3.REL1/BIN/../lib/gcc/arm-none-eabi/13.3.1/thumb/v6-m/nofp\libc_nano.a(libc_a-stdio.o)
                                                  D:/ARMTOOLCHAINCMAKE/ARM-GNU-TOOLCHAIN-13.3.REL1/BIN/../lib/gcc/arm-none-eabi/13.3.1/thumb/v6-m/nofp\libc_nano.a(libc_a-findfp.o)
__udivsi3                                         D:/ARMTOOLCHAINCMAKE/ARM-GNU-TOOLCHAIN-13.3.REL1/BIN/../lib/gcc/arm-none-eabi/13.3.1/thumb/v6-m/nofp\libgcc.a(_udivsi3.o)
_close                                            build/syscalls.o
                                                  D:/ARMTOOLCHAINCMAKE/ARM-GNU-TOOLCHAIN-13.3.REL1/BIN/../lib/gcc/arm-none-eabi/13.3.1/thumb/v6-m/nofp\libc_nano.a(libc_a-closer.o)
_close_r                                          D:/ARMTOOLCHAINCMAKE/ARM-GNU-TOOLCHAIN-13.3.REL1/BIN/../lib/gcc/arm-none-eabi/13.3.1/thumb/v6-m/nofp\libc_nano.a(libc_a-closer.o)
                                                  D:/ARMTOOLCHAINCMAKE/ARM-GNU-TOOLCHAIN-13.3.REL1/BIN/../lib/gcc/arm-none-eabi/13.3.1/thumb/v6-m/nofp\libc_nano.a(libc_a-stdio.o)
_ebss                                             build/startup_stm32f030x8.o
_edata                                            build/startup_stm32f030x8.o
_end                                              build/sysmem.o
_estack                                           build/startup_stm32f030x8.o
                                                  build/sysmem.o
_execve                                           build/syscalls.o
_exit                                             build/syscalls.o
                                                  D:/ARMTOOLCHAINCMAKE/ARM-GNU-TOOLCHAIN-13.3.REL1/BIN/../lib/gcc/arm-none-eabi/13.3.1/thumb/v6-m/nofp\libc_nano.a(libc_a-exit.o)
_fflush_r                                         D:/ARMTOOLCHAINCMAKE/ARM-GNU-TOOLCHAIN-13.3.REL1/BIN/../lib/gcc/arm-none-eabi/13.3.1/thumb/v6-m/nofp\libc_nano.a(libc_a-fflush.o)
                                                  D:/ARMTOOLCHAINCMAKE/ARM-GNU-TOOLCHAIN-13.3.REL1/BIN/../lib/gcc/arm-none-eabi/13.3.1/thumb/v6-m/nofp\libc_nano.a(libc_a-findfp.o)
_fini                                             D:/ARMTOOLCHAINCMAKE/ARM-GNU-TOOLCHAIN-13.3.REL1/BIN/../lib/gcc/arm-none-eabi/13.3.1/thumb/v6-m/nofp/crti.o
_fork                                             build/syscalls.o
_free_r                                           D:/ARMTOOLCHAINCMAKE/ARM-GNU-TOOLCHAIN-13.3.REL1/BIN/../lib/gcc/arm-none-eabi/13.3.1/thumb/v6-m/nofp\libc_nano.a(libc_a-freer.o)
                                                  D:/ARMTOOLCHAINCMAKE/ARM-GNU-TOOLCHAIN-13.3.REL1/BIN/../lib/gcc/arm-none-eabi/13.3.1/thumb/v6-m/nofp\libc_nano.a(libc_a-reallocr.o)
                                                  D:/ARMTOOLCHAINCMAKE/ARM-GNU-TOOLCHAIN-13.3.REL1/BIN/../lib/gcc/arm-none-eabi/13.3.1/thumb/v6-m/nofp\libc_nano.a(libc_a-fflush.o)
                                                  D:/ARMTOOLCHAINCMAKE/ARM-GNU-TOOLCHAIN-13.3.REL1/BIN/../lib/gcc/arm-none-eabi/13.3.1/thumb/v6-m/nofp\libc_nano.a(libc_a-nano-svfprintf.o)
                                                  D:/ARMTOOLCHAINCMAKE/ARM-GNU-TOOLCHAIN-13.3.REL1/BIN/../lib/gcc/arm-none-eabi/13.3.1/thumb/v6-m/nofp\libc_nano.a(libc_a-reent.o)
_fstat                                            build/syscalls.o
_fwalk_sglue                                      D:/ARMTOOLCHAINCMAKE/ARM-GNU-TOOLCHAIN-13.3.REL1/BIN/../lib/gcc/arm-none-eabi/13.3.1/thumb/v6-m/nofp\libc_nano.a(libc_a-fwalk.o)
                                                  D:/ARMTOOLCHAINCMAKE/ARM-GNU-TOOLCHAIN-13.3.REL1/BIN/../lib/gcc/arm-none-eabi/13.3.1/thumb/v6-m/nofp\libc_nano.a(libc_a-fflush.o)
                                                  D:/ARMTOOLCHAINCMAKE/ARM-GNU-TOOLCHAIN-13.3.REL1/BIN/../lib/gcc/arm-none-eabi/13.3.1/thumb/v6-m/nofp\libc_nano.a(libc_a-findfp.o)
_getpid                                           build/syscalls.o
_impure_data                                      D:/ARMTOOLCHAINCMAKE/ARM-GNU-TOOLCHAIN-13.3.REL1/BIN/../lib/gcc/arm-none-eabi/13.3.1/thumb/v6-m/nofp\libc_nano.a(libc_a-impure.o)
                                                  D:/ARMTOOLCHAINCMAKE/ARM-GNU-TOOLCHAIN-13.3.REL1/BIN/../lib/gcc/arm-none-eabi/13.3.1/thumb/v6-m/nofp\libc_nano.a(libc_a-fflush.o)
                                                  D:/ARMTOOLCHAINCMAKE/ARM-GNU-TOOLCHAIN-13.3.REL1/BIN/../lib/gcc/arm-none-eabi/13.3.1/thumb/v6-m/nofp\libc_nano.a(libc_a-findfp.o)
_impure_ptr                                       D:/ARMTOOLCHAINCMAKE/ARM-GNU-TOOLCHAIN-13.3.REL1/BIN/../lib/gcc/arm-none-eabi/13.3.1/thumb/v6-m/nofp\libc_nano.a(libc_a-impure.o)
                                                  D:/ARMTOOLCHAINCMAKE/ARM-GNU-TOOLCHAIN-13.3.REL1/BIN/../lib/gcc/arm-none-eabi/13.3.1/thumb/v6-m/nofp\libc_nano.a(libc_a-fflush.o)
                                                  D:/ARMTOOLCHAINCMAKE/ARM-GNU-TOOLCHAIN-13.3.REL1/BIN/../lib/gcc/arm-none-eabi/13.3.1/thumb/v6-m/nofp\libc_nano.a(libc_a-errno.o)
                                                  D:/ARMTOOLCHAINCMAKE/ARM-GNU-TOOLCHAIN-13.3.REL1/BIN/../lib/gcc/arm-none-eabi/13.3.1/thumb/v6-m/nofp\libc_nano.a(libc_a-reent.o)
                                                  D:/ARMTOOLCHAINCMAKE/ARM-GNU-TOOLCHAIN-13.3.REL1/BIN/../lib/gcc/arm-none-eabi/13.3.1/thumb/v6-m/nofp\libc_nano.a(libc_a-vsnprintf.o)
_init                                             D:/ARMTOOLCHAINCMAKE/ARM-GNU-TOOLCHAIN-13.3.REL1/BIN/../lib/gcc/arm-none-eabi/13.3.1/thumb/v6-m/nofp/crti.o
                                                  D:/ARMTOOLCHAINCMAKE/ARM-GNU-TOOLCHAIN-13.3.REL1/BIN/../lib/gcc/arm-none-eabi/13.3.1/thumb/v6-m/nofp\libc_nano.a(libc_a-init.o)
_isatty                                           build/syscalls.o
_kill                                             build/syscalls.o
_link                                             build/syscalls.o
_lseek                                            build/syscalls.o
                                                  D:/ARMTOOLCHAINCMAKE/ARM-GNU-TOOLCHAIN-13.3.REL1/BIN/../lib/gcc/arm-none-eabi/13.3.1/thumb/v6-m/nofp\libc_nano.a(libc_a-lseekr.o)
_lseek_r                                          D:/ARMTOOLCHAINCMAKE/ARM-GNU-TOOLCHAIN-13.3.REL1/BIN/../lib/gcc/arm-none-eabi/13.3.1/thumb/v6-m/nofp\libc_nano.a(libc_a-lseekr.o)
                                                  D:/ARMTOOLCHAINCMAKE/ARM-GNU-TOOLCHAIN-13.3.REL1/BIN/../lib/gcc/arm-none-eabi/13.3.1/thumb/v6-m/nofp\libc_nano.a(libc_a-stdio.o)
_mainCRTStartup                                   D:/ARMTOOLCHAINCMAKE/ARM-GNU-TOOLCHAIN-13.3.REL1/BIN/../lib/gcc/arm-none-eabi/13.3.1/thumb/v6-m/nofp/crt0.o
_malloc_r                                         D:/ARMTOOLCHAINCMAKE/ARM-GNU-TOOLCHAIN-13.3.REL1/BIN/../lib/gcc/arm-none-eabi/13.3.1/thumb/v6-m/nofp\libc_nano.a(libc_a-mallocr.o)
                                                  D:/ARMTOOLCHAINCMAKE/ARM-GNU-TOOLCHAIN-13.3.REL1/BIN/../lib/gcc/arm-none-eabi/13.3.1/thumb/v6-m/nofp\libc_nano.a(libc_a-reallocr.o)
                                                  D:/ARMTOOLCHAINCMAKE/ARM-GNU-TOOLCHAIN-13.3.REL1/BIN/../lib/gcc/arm-none-eabi/13.3.1/thumb/v6-m/nofp\libc_nano.a(libc_a-nano-svfprintf.o)
                                                  D:/ARMTOOLCHAINCMAKE/ARM-GNU-TOOLCHAIN-13.3.REL1/BIN/../lib/gcc/arm-none-eabi/13.3.1/thumb/v6-m/nofp\libc_nano.a(libc_a-findfp.o)
_malloc_usable_size_r                             D:/ARMTOOLCHAINCMAKE/ARM-GNU-TOOLCHAIN-13.3.REL1/BIN/../lib/gcc/arm-none-eabi/13.3.1/thumb/v6-m/nofp\libc_nano.a(libc_a-msizer.o)
                                                  D:/ARMTOOLCHAINCMAKE/ARM-GNU-TOOLCHAIN-13.3.REL1/BIN/../lib/gcc/arm-none-eabi/13.3.1/thumb/v6-m/nofp\libc_nano.a(libc_a-reallocr.o)
_open                                             build/syscalls.o
_printf_common                                    D:/ARMTOOLCHAINCMAKE/ARM-GNU-TOOLCHAIN-13.3.REL1/BIN/../lib/gcc/arm-none-eabi/13.3.1/thumb/v6-m/nofp\libc_nano.a(libc_a-nano-vfprintf_i.o)
_printf_float                                     D:/ARMTOOLCHAINCMAKE/ARM-GNU-TOOLCHAIN-13.3.REL1/BIN/../lib/gcc/arm-none-eabi/13.3.1/thumb/v6-m/nofp\libc_nano.a(libc_a-nano-svfprintf.o)
_printf_i                                         D:/ARMTOOLCHAINCMAKE/ARM-GNU-TOOLCHAIN-13.3.REL1/BIN/../lib/gcc/arm-none-eabi/13.3.1/thumb/v6-m/nofp\libc_nano.a(libc_a-nano-vfprintf_i.o)
                                                  D:/ARMTOOLCHAINCMAKE/ARM-GNU-TOOLCHAIN-13.3.REL1/BIN/../lib/gcc/arm-none-eabi/13.3.1/thumb/v6-m/nofp\libc_nano.a(libc_a-nano-svfprintf.o)
_read                                             build/syscalls.o
                                                  D:/ARMTOOLCHAINCMAKE/ARM-GNU-TOOLCHAIN-13.3.REL1/BIN/../lib/gcc/arm-none-eabi/13.3.1/thumb/v6-m/nofp\libc_nano.a(libc_a-readr.o)
_read_r                                           D:/ARMTOOLCHAINCMAKE/ARM-GNU-TOOLCHAIN-13.3.REL1/BIN/../lib/gcc/arm-none-eabi/13.3.1/thumb/v6-m/nofp\libc_nano.a(libc_a-readr.o)
                                                  D:/ARMTOOLCHAINCMAKE/ARM-GNU-TOOLCHAIN-13.3.REL1/BIN/../lib/gcc/arm-none-eabi/13.3.1/thumb/v6-m/nofp\libc_nano.a(libc_a-stdio.o)
_realloc_r                                        D:/ARMTOOLCHAINCMAKE/ARM-GNU-TOOLCHAIN-13.3.REL1/BIN/../lib/gcc/arm-none-eabi/13.3.1/thumb/v6-m/nofp\libc_nano.a(libc_a-reallocr.o)
                                                  D:/ARMTOOLCHAINCMAKE/ARM-GNU-TOOLCHAIN-13.3.REL1/BIN/../lib/gcc/arm-none-eabi/13.3.1/thumb/v6-m/nofp\libc_nano.a(libc_a-nano-svfprintf.o)
_reclaim_reent                                    D:/ARMTOOLCHAINCMAKE/ARM-GNU-TOOLCHAIN-13.3.REL1/BIN/../lib/gcc/arm-none-eabi/13.3.1/thumb/v6-m/nofp\libc_nano.a(libc_a-reent.o)
_sbrk                                             build/sysmem.o
                                                  D:/ARMTOOLCHAINCMAKE/ARM-GNU-TOOLCHAIN-13.3.REL1/BIN/../lib/gcc/arm-none-eabi/13.3.1/thumb/v6-m/nofp\libc_nano.a(libc_a-sbrkr.o)
_sbrk_r                                           D:/ARMTOOLCHAINCMAKE/ARM-GNU-TOOLCHAIN-13.3.REL1/BIN/../lib/gcc/arm-none-eabi/13.3.1/thumb/v6-m/nofp\libc_nano.a(libc_a-sbrkr.o)
                                                  D:/ARMTOOLCHAINCMAKE/ARM-GNU-TOOLCHAIN-13.3.REL1/BIN/../lib/gcc/arm-none-eabi/13.3.1/thumb/v6-m/nofp\libc_nano.a(libc_a-mallocr.o)
_sbss                                             build/startup_stm32f030x8.o
_sdata                                            build/startup_stm32f030x8.o
_sidata                                           build/startup_stm32f030x8.o
_stack_init                                       D:/ARMTOOLCHAINCMAKE/ARM-GNU-TOOLCHAIN-13.3.REL1/BIN/../lib/gcc/arm-none-eabi/13.3.1/thumb/v6-m/nofp/crt0.o
_start                                            D:/ARMTOOLCHAINCMAKE/ARM-GNU-TOOLCHAIN-13.3.REL1/BIN/../lib/gcc/arm-none-eabi/13.3.1/thumb/v6-m/nofp/crt0.o
_stat                                             build/syscalls.o
_svfiprintf_r                                     D:/ARMTOOLCHAINCMAKE/ARM-GNU-TOOLCHAIN-13.3.REL1/BIN/../lib/gcc/arm-none-eabi/13.3.1/thumb/v6-m/nofp\libc_nano.a(libc_a-nano-svfprintf.o)
_svfprintf_r                                      D:/ARMTOOLCHAINCMAKE/ARM-GNU-TOOLCHAIN-13.3.REL1/BIN/../lib/gcc/arm-none-eabi/13.3.1/thumb/v6-m/nofp\libc_nano.a(libc_a-nano-svfprintf.o)
                                                  D:/ARMTOOLCHAINCMAKE/ARM-GNU-TOOLCHAIN-13.3.REL1/BIN/../lib/gcc/arm-none-eabi/13.3.1/thumb/v6-m/nofp\libc_nano.a(libc_a-vsnprintf.o)
_times                                            build/syscalls.o
_unlink                                           build/syscalls.o
_vsniprintf_r                                     D:/ARMTOOLCHAINCMAKE/ARM-GNU-TOOLCHAIN-13.3.REL1/BIN/../lib/gcc/arm-none-eabi/13.3.1/thumb/v6-m/nofp\libc_nano.a(libc_a-vsnprintf.o)
_vsnprintf_r                                      D:/ARMTOOLCHAINCMAKE/ARM-GNU-TOOLCHAIN-13.3.REL1/BIN/../lib/gcc/arm-none-eabi/13.3.1/thumb/v6-m/nofp\libc_nano.a(libc_a-vsnprintf.o)
_wait                                             build/syscalls.o
_write                                            build/syscalls.o
                                                  D:/ARMTOOLCHAINCMAKE/ARM-GNU-TOOLCHAIN-13.3.REL1/BIN/../lib/gcc/arm-none-eabi/13.3.1/thumb/v6-m/nofp\libc_nano.a(libc_a-writer.o)
_write_r                                          D:/ARMTOOLCHAINCMAKE/ARM-GNU-TOOLCHAIN-13.3.REL1/BIN/../lib/gcc/arm-none-eabi/13.3.1/thumb/v6-m/nofp\libc_nano.a(libc_a-writer.o)
                                                  D:/ARMTOOLCHAINCMAKE/ARM-GNU-TOOLCHAIN-13.3.REL1/BIN/../lib/gcc/arm-none-eabi/13.3.1/thumb/v6-m/nofp\libc_nano.a(libc_a-stdio.o)
atexit                                            D:/ARMTOOLCHAINCMAKE/ARM-GNU-TOOLCHAIN-13.3.REL1/BIN/../lib/gcc/arm-none-eabi/13.3.1/thumb/v6-m/nofp/crt0.o
controlDevice                                     build/device_control.o
                                                  build/main.o
devices                                           build/device_control.o
environ                                           build/syscalls.o
errno                                             D:/ARMTOOLCHAINCMAKE/ARM-GNU-TOOLCHAIN-13.3.REL1/BIN/../lib/gcc/arm-none-eabi/13.3.1/thumb/v6-m/nofp\libc_nano.a(libc_a-reent.o)
                                                  D:/ARMTOOLCHAINCMAKE/ARM-GNU-TOOLCHAIN-13.3.REL1/BIN/../lib/gcc/arm-none-eabi/13.3.1/thumb/v6-m/nofp\libc_nano.a(libc_a-sbrkr.o)
                                                  D:/ARMTOOLCHAINCMAKE/ARM-GNU-TOOLCHAIN-13.3.REL1/BIN/../lib/gcc/arm-none-eabi/13.3.1/thumb/v6-m/nofp\libc_nano.a(libc_a-writer.o)
                                                  D:/ARMTOOLCHAINCMAKE/ARM-GNU-TOOLCHAIN-13.3.REL1/BIN/../lib/gcc/arm-none-eabi/13.3.1/thumb/v6-m/nofp\libc_nano.a(libc_a-readr.o)
                                                  D:/ARMTOOLCHAINCMAKE/ARM-GNU-TOOLCHAIN-13.3.REL1/BIN/../lib/gcc/arm-none-eabi/13.3.1/thumb/v6-m/nofp\libc_nano.a(libc_a-lseekr.o)
                                                  D:/ARMTOOLCHAINCMAKE/ARM-GNU-TOOLCHAIN-13.3.REL1/BIN/../lib/gcc/arm-none-eabi/13.3.1/thumb/v6-m/nofp\libc_nano.a(libc_a-closer.o)
exit                                              D:/ARMTOOLCHAINCMAKE/ARM-GNU-TOOLCHAIN-13.3.REL1/BIN/../lib/gcc/arm-none-eabi/13.3.1/thumb/v6-m/nofp\libc_nano.a(libc_a-exit.o)
                                                  D:/ARMTOOLCHAINCMAKE/ARM-GNU-TOOLCHAIN-13.3.REL1/BIN/../lib/gcc/arm-none-eabi/13.3.1/thumb/v6-m/nofp/crt0.o
fflush                                            D:/ARMTOOLCHAINCMAKE/ARM-GNU-TOOLCHAIN-13.3.REL1/BIN/../lib/gcc/arm-none-eabi/13.3.1/thumb/v6-m/nofp\libc_nano.a(libc_a-fflush.o)
g_pfnVectors                                      build/startup_stm32f030x8.o
hardware_init_hook                                D:/ARMTOOLCHAINCMAKE/ARM-GNU-TOOLCHAIN-13.3.REL1/BIN/../lib/gcc/arm-none-eabi/13.3.1/thumb/v6-m/nofp/crt0.o
hdma_usart1_rx                                    build/main.o
                                                  build/stm32f0xx_it.o
                                                  build/stm32f0xx_hal_msp.o
hdma_usart1_tx                                    build/main.o
                                                  build/stm32f0xx_it.o
                                                  build/stm32f0xx_hal_msp.o
huart1                                            build/main.o
                                                  build/stm32f0xx_it.o
huart2                                            build/main.o
                                                  build/device_control.o
initialise_monitor_handles                        build/syscalls.o
main                                              build/main.o
                                                  build/startup_stm32f030x8.o
                                                  D:/ARMTOOLCHAINCMAKE/ARM-GNU-TOOLCHAIN-13.3.REL1/BIN/../lib/gcc/arm-none-eabi/13.3.1/thumb/v6-m/nofp/crt0.o
memchr                                            D:/ARMTOOLCHAINCMAKE/ARM-GNU-TOOLCHAIN-13.3.REL1/BIN/../lib/gcc/arm-none-eabi/13.3.1/thumb/v6-m/nofp\libc_nano.a(libc_a-memchr-stub.o)
                                                  D:/ARMTOOLCHAINCMAKE/ARM-GNU-TOOLCHAIN-13.3.REL1/BIN/../lib/gcc/arm-none-eabi/13.3.1/thumb/v6-m/nofp\libc_nano.a(libc_a-nano-vfprintf_i.o)
                                                  D:/ARMTOOLCHAINCMAKE/ARM-GNU-TOOLCHAIN-13.3.REL1/BIN/../lib/gcc/arm-none-eabi/13.3.1/thumb/v6-m/nofp\libc_nano.a(libc_a-nano-svfprintf.o)
memcpy                                            D:/ARMTOOLCHAINCMAKE/ARM-GNU-TOOLCHAIN-13.3.REL1/BIN/../lib/gcc/arm-none-eabi/13.3.1/thumb/v6-m/nofp\libc_nano.a(libc_a-memcpy-stub.o)
                                                  D:/ARMTOOLCHAINCMAKE/ARM-GNU-TOOLCHAIN-13.3.REL1/BIN/../lib/gcc/arm-none-eabi/13.3.1/thumb/v6-m/nofp\libc_nano.a(libc_a-reallocr.o)
                                                  D:/ARMTOOLCHAINCMAKE/ARM-GNU-TOOLCHAIN-13.3.REL1/BIN/../lib/gcc/arm-none-eabi/13.3.1/thumb/v6-m/nofp\libc_nano.a(libc_a-nano-svfprintf.o)
memmove                                           D:/ARMTOOLCHAINCMAKE/ARM-GNU-TOOLCHAIN-13.3.REL1/BIN/../lib/gcc/arm-none-eabi/13.3.1/thumb/v6-m/nofp\libc_nano.a(libc_a-memmove.o)
                                                  D:/ARMTOOLCHAINCMAKE/ARM-GNU-TOOLCHAIN-13.3.REL1/BIN/../lib/gcc/arm-none-eabi/13.3.1/thumb/v6-m/nofp\libc_nano.a(libc_a-nano-svfprintf.o)
memset                                            D:/ARMTOOLCHAINCMAKE/ARM-GNU-TOOLCHAIN-13.3.REL1/BIN/../lib/gcc/arm-none-eabi/13.3.1/thumb/v6-m/nofp\libc_nano.a(libc_a-memset.o)
                                                  D:/ARMTOOLCHAINCMAKE/ARM-GNU-TOOLCHAIN-13.3.REL1/BIN/../lib/gcc/arm-none-eabi/13.3.1/thumb/v6-m/nofp\libc_nano.a(libc_a-findfp.o)
                                                  build/stm32f0xx_hal_msp.o
                                                  build/main.o